Archive member included to satisfy reference by file (symbol)

c:/st/stm32cubeide_1.5.0/stm32cubeide/plugins/com.st.stm32cube.ide.mcu.externaltools.gnu-tools-for-stm32.9-2020-q2-update.win32_2.0.0.202105311346/tools/bin/../lib/gcc/arm-none-eabi/9.3.1/../../../../arm-none-eabi/lib/thumb/v7e-m+dp/hard\libc_nano.a(lib_a-errno.o)
                              ./Core/Src/syscalls.o (__errno)
c:/st/stm32cubeide_1.5.0/stm32cubeide/plugins/com.st.stm32cube.ide.mcu.externaltools.gnu-tools-for-stm32.9-2020-q2-update.win32_2.0.0.202105311346/tools/bin/../lib/gcc/arm-none-eabi/9.3.1/../../../../arm-none-eabi/lib/thumb/v7e-m+dp/hard\libc_nano.a(lib_a-exit.o)
                              c:/st/stm32cubeide_1.5.0/stm32cubeide/plugins/com.st.stm32cube.ide.mcu.externaltools.gnu-tools-for-stm32.9-2020-q2-update.win32_2.0.0.202105311346/tools/bin/../lib/gcc/arm-none-eabi/9.3.1/../../../../arm-none-eabi/lib/thumb/v7e-m+dp/hard/crt0.o (exit)
c:/st/stm32cubeide_1.5.0/stm32cubeide/plugins/com.st.stm32cube.ide.mcu.externaltools.gnu-tools-for-stm32.9-2020-q2-update.win32_2.0.0.202105311346/tools/bin/../lib/gcc/arm-none-eabi/9.3.1/../../../../arm-none-eabi/lib/thumb/v7e-m+dp/hard\libc_nano.a(lib_a-impure.o)
                              c:/st/stm32cubeide_1.5.0/stm32cubeide/plugins/com.st.stm32cube.ide.mcu.externaltools.gnu-tools-for-stm32.9-2020-q2-update.win32_2.0.0.202105311346/tools/bin/../lib/gcc/arm-none-eabi/9.3.1/../../../../arm-none-eabi/lib/thumb/v7e-m+dp/hard\libc_nano.a(lib_a-exit.o) (_global_impure_ptr)
c:/st/stm32cubeide_1.5.0/stm32cubeide/plugins/com.st.stm32cube.ide.mcu.externaltools.gnu-tools-for-stm32.9-2020-q2-update.win32_2.0.0.202105311346/tools/bin/../lib/gcc/arm-none-eabi/9.3.1/../../../../arm-none-eabi/lib/thumb/v7e-m+dp/hard\libc_nano.a(lib_a-init.o)
                              c:/st/stm32cubeide_1.5.0/stm32cubeide/plugins/com.st.stm32cube.ide.mcu.externaltools.gnu-tools-for-stm32.9-2020-q2-update.win32_2.0.0.202105311346/tools/bin/../lib/gcc/arm-none-eabi/9.3.1/../../../../arm-none-eabi/lib/thumb/v7e-m+dp/hard/crt0.o (__libc_init_array)
c:/st/stm32cubeide_1.5.0/stm32cubeide/plugins/com.st.stm32cube.ide.mcu.externaltools.gnu-tools-for-stm32.9-2020-q2-update.win32_2.0.0.202105311346/tools/bin/../lib/gcc/arm-none-eabi/9.3.1/../../../../arm-none-eabi/lib/thumb/v7e-m+dp/hard\libc_nano.a(lib_a-locale.o)
                              ./app/app.o (setlocale)
c:/st/stm32cubeide_1.5.0/stm32cubeide/plugins/com.st.stm32cube.ide.mcu.externaltools.gnu-tools-for-stm32.9-2020-q2-update.win32_2.0.0.202105311346/tools/bin/../lib/gcc/arm-none-eabi/9.3.1/../../../../arm-none-eabi/lib/thumb/v7e-m+dp/hard\libc_nano.a(lib_a-malloc.o)
                              ./Middlewares/ST/STM32_USB_Device_Library/Class/CDC/Src/usbd_cdc.o (malloc)
c:/st/stm32cubeide_1.5.0/stm32cubeide/plugins/com.st.stm32cube.ide.mcu.externaltools.gnu-tools-for-stm32.9-2020-q2-update.win32_2.0.0.202105311346/tools/bin/../lib/gcc/arm-none-eabi/9.3.1/../../../../arm-none-eabi/lib/thumb/v7e-m+dp/hard\libc_nano.a(lib_a-mbtowc_r.o)
                              c:/st/stm32cubeide_1.5.0/stm32cubeide/plugins/com.st.stm32cube.ide.mcu.externaltools.gnu-tools-for-stm32.9-2020-q2-update.win32_2.0.0.202105311346/tools/bin/../lib/gcc/arm-none-eabi/9.3.1/../../../../arm-none-eabi/lib/thumb/v7e-m+dp/hard\libc_nano.a(lib_a-locale.o) (__ascii_mbtowc)
c:/st/stm32cubeide_1.5.0/stm32cubeide/plugins/com.st.stm32cube.ide.mcu.externaltools.gnu-tools-for-stm32.9-2020-q2-update.win32_2.0.0.202105311346/tools/bin/../lib/gcc/arm-none-eabi/9.3.1/../../../../arm-none-eabi/lib/thumb/v7e-m+dp/hard\libc_nano.a(lib_a-memcmp.o)
                              ./app/odesolver.o (memcmp)
c:/st/stm32cubeide_1.5.0/stm32cubeide/plugins/com.st.stm32cube.ide.mcu.externaltools.gnu-tools-for-stm32.9-2020-q2-update.win32_2.0.0.202105311346/tools/bin/../lib/gcc/arm-none-eabi/9.3.1/../../../../arm-none-eabi/lib/thumb/v7e-m+dp/hard\libc_nano.a(lib_a-memset.o)
                              c:/st/stm32cubeide_1.5.0/stm32cubeide/plugins/com.st.stm32cube.ide.mcu.externaltools.gnu-tools-for-stm32.9-2020-q2-update.win32_2.0.0.202105311346/tools/bin/../lib/gcc/arm-none-eabi/9.3.1/../../../../arm-none-eabi/lib/thumb/v7e-m+dp/hard/crt0.o (memset)
c:/st/stm32cubeide_1.5.0/stm32cubeide/plugins/com.st.stm32cube.ide.mcu.externaltools.gnu-tools-for-stm32.9-2020-q2-update.win32_2.0.0.202105311346/tools/bin/../lib/gcc/arm-none-eabi/9.3.1/../../../../arm-none-eabi/lib/thumb/v7e-m+dp/hard\libc_nano.a(lib_a-nano-freer.o)
                              c:/st/stm32cubeide_1.5.0/stm32cubeide/plugins/com.st.stm32cube.ide.mcu.externaltools.gnu-tools-for-stm32.9-2020-q2-update.win32_2.0.0.202105311346/tools/bin/../lib/gcc/arm-none-eabi/9.3.1/../../../../arm-none-eabi/lib/thumb/v7e-m+dp/hard\libc_nano.a(lib_a-malloc.o) (_free_r)
[...]
Memory Configuration

Name             Origin             Length             Attributes
RAM              0x0000000020000000 0x0000000000080000 xrw
FLASH            0x0000000008000000 0x0000000000200000 xr
*default*        0x0000000000000000 0xffffffffffffffff

Linker script and memory map

LOAD c:/st/stm32cubeide_1.5.0/stm32cubeide/plugins/com.st.stm32cube.ide.mcu.externaltools.gnu-tools-for-stm32.9-2020-q2-update.win32_2.0.0.202105311346/tools/bin/../lib/gcc/arm-none-eabi/9.3.1/thumb/v7e-m+dp/hard/crti.o
LOAD c:/st/stm32cubeide_1.5.0/stm32cubeide/plugins/com.st.stm32cube.ide.mcu.externaltools.gnu-tools-for-stm32.9-2020-q2-update.win32_2.0.0.202105311346/tools/bin/../lib/gcc/arm-none-eabi/9.3.1/thumb/v7e-m+dp/hard/crtbegin.o
LOAD c:/st/stm32cubeide_1.5.0/stm32cubeide/plugins/com.st.stm32cube.ide.mcu.externaltools.gnu-tools-for-stm32.9-2020-q2-update.win32_2.0.0.202105311346/tools/bin/../lib/gcc/arm-none-eabi/9.3.1/../../../../arm-none-eabi/lib/thumb/v7e-m+dp/hard/crt0.o
LOAD ./Core/Src/main.o
LOAD ./Core/Src/stm32f7xx_hal_msp.o
LOAD ./Core/Src/stm32f7xx_it.o
LOAD ./Core/Src/syscalls.o
LOAD ./Core/Src/sysmem.o
LOAD ./Core/Src/system_stm32f7xx.o
LOAD ./Core/Startup/startup_stm32f767zitx.o
LOAD ./Drivers/STM32F7xx_HAL_Driver/Src/stm32f7xx_hal.o
LOAD ./Drivers/STM32F7xx_HAL_Driver/Src/stm32f7xx_hal_adc.o
LOAD ./Drivers/STM32F7xx_HAL_Driver/Src/stm32f7xx_hal_adc_ex.o
LOAD ./Drivers/STM32F7xx_HAL_Driver/Src/stm32f7xx_hal_cortex.o
LOAD ./Drivers/STM32F7xx_HAL_Driver/Src/stm32f7xx_hal_dma.o
LOAD ./Drivers/STM32F7xx_HAL_Driver/Src/stm32f7xx_hal_dma_ex.o
LOAD ./Drivers/STM32F7xx_HAL_Driver/Src/stm32f7xx_hal_exti.o
LOAD ./Drivers/STM32F7xx_HAL_Driver/Src/stm32f7xx_hal_flash.o
LOAD ./Drivers/STM32F7xx_HAL_Driver/Src/stm32f7xx_hal_flash_ex.o
LOAD ./Drivers/STM32F7xx_HAL_Driver/Src/stm32f7xx_hal_gpio.o
LOAD ./Drivers/STM32F7xx_HAL_Driver/Src/stm32f7xx_hal_i2c.o
LOAD ./Drivers/STM32F7xx_HAL_Driver/Src/stm32f7xx_hal_i2c_ex.o
LOAD ./Drivers/STM32F7xx_HAL_Driver/Src/stm32f7xx_hal_pcd.o
LOAD ./Drivers/STM32F7xx_HAL_Driver/Src/stm32f7xx_hal_pcd_ex.o
LOAD ./Drivers/STM32F7xx_HAL_Driver/Src/stm32f7xx_hal_pwr.o
LOAD ./Drivers/STM32F7xx_HAL_Driver/Src/stm32f7xx_hal_pwr_ex.o
LOAD ./Drivers/STM32F7xx_HAL_Driver/Src/stm32f7xx_hal_rcc.o
LOAD ./Drivers/STM32F7xx_HAL_Driver/Src/stm32f7xx_hal_rcc_ex.o
LOAD ./Drivers/STM32F7xx_HAL_Driver/Src/stm32f7xx_hal_tim.o
LOAD ./Drivers/STM32F7xx_HAL_Driver/Src/stm32f7xx_hal_tim_ex.o
LOAD ./Drivers/STM32F7xx_HAL_Driver/Src/stm32f7xx_hal_uart.o
LOAD ./Drivers/STM32F7xx_HAL_Driver/Src/stm32f7xx_hal_uart_ex.o
LOAD ./Drivers/STM32F7xx_HAL_Driver/Src/stm32f7xx_ll_usb.o
LOAD ./Middlewares/ST/STM32_USB_Device_Library/Class/CDC/Src/usbd_cdc.o
LOAD ./Middlewares/ST/STM32_USB_Device_Library/Core/Src/usbd_core.o
LOAD ./Middlewares/ST/STM32_USB_Device_Library/Core/Src/usbd_ctlreq.o
LOAD ./Middlewares/ST/STM32_USB_Device_Library/Core/Src/usbd_ioreq.o
LOAD ./USB_DEVICE/App/usb_device.o
LOAD ./USB_DEVICE/App/usbd_cdc_if.o
LOAD ./USB_DEVICE/App/usbd_desc.o
LOAD ./USB_DEVICE/Target/usbd_conf.o
LOAD ./app/app.o
LOAD ./app/bebionic.o
LOAD ./app/hw.o
LOAD ./app/odesolver.o
START GROUP
LOAD c:/st/stm32cubeide_1.5.0/stm32cubeide/plugins/com.st.stm32cube.ide.mcu.externaltools.gnu-tools-for-stm32.9-2020-q2-update.win32_2.0.0.202105311346/tools/bin/../lib/gcc/arm-none-eabi/9.3.1/../../../../arm-none-eabi/lib/thumb/v7e-m+dp/hard\libc_nano.a
LOAD c:/st/stm32cubeide_1.5.0/stm32cubeide/plugins/com.st.stm32cube.ide.mcu.externaltools.gnu-tools-for-stm32.9-2020-q2-update.win32_2.0.0.202105311346/tools/bin/../lib/gcc/arm-none-eabi/9.3.1/../../../../arm-none-eabi/lib/thumb/v7e-m+dp/hard\libm.a
END GROUP
START GROUP
LOAD c:/st/stm32cubeide_1.5.0/stm32cubeide/plugins/com.st.stm32cube.ide.mcu.externaltools.gnu-tools-for-stm32.9-2020-q2-update.win32_2.0.0.202105311346/tools/bin/../lib/gcc/arm-none-eabi/9.3.1/thumb/v7e-m+dp/hard\libgcc.a
LOAD c:/st/stm32cubeide_1.5.0/stm32cubeide/plugins/com.st.stm32cube.ide.mcu.externaltools.gnu-tools-for-stm32.9-2020-q2-update.win32_2.0.0.202105311346/tools/bin/../lib/gcc/arm-none-eabi/9.3.1/../../../../arm-none-eabi/lib/thumb/v7e-m+dp/hard\libc_nano.a
END GROUP
START GROUP
LOAD c:/st/stm32cubeide_1.5.0/stm32cubeide/plugins/com.st.stm32cube.ide.mcu.externaltools.gnu-tools-for-stm32.9-2020-q2-update.win32_2.0.0.202105311346/tools/bin/../lib/gcc/arm-none-eabi/9.3.1/thumb/v7e-m+dp/hard\libgcc.a
LOAD c:/st/stm32cubeide_1.5.0/stm32cubeide/plugins/com.st.stm32cube.ide.mcu.externaltools.gnu-tools-for-stm32.9-2020-q2-update.win32_2.0.0.202105311346/tools/bin/../lib/gcc/arm-none-eabi/9.3.1/../../../../arm-none-eabi/lib/thumb/v7e-m+dp/hard\libc_nano.a
LOAD c:/st/stm32cubeide_1.5.0/stm32cubeide/plugins/com.st.stm32cube.ide.mcu.externaltools.gnu-tools-for-stm32.9-2020-q2-update.win32_2.0.0.202105311346/tools/bin/../lib/gcc/arm-none-eabi/9.3.1/../../../../arm-none-eabi/lib/thumb/v7e-m+dp/hard\libnosys.a
END GROUP
START GROUP
LOAD c:/st/stm32cubeide_1.5.0/stm32cubeide/plugins/com.st.stm32cube.ide.mcu.externaltools.gnu-tools-for-stm32.9-2020-q2-update.win32_2.0.0.202105311346/tools/bin/../lib/gcc/arm-none-eabi/9.3.1/thumb/v7e-m+dp/hard\libgcc.a
LOAD c:/st/stm32cubeide_1.5.0/stm32cubeide/plugins/com.st.stm32cube.ide.mcu.externaltools.gnu-tools-for-stm32.9-2020-q2-update.win32_2.0.0.202105311346/tools/bin/../lib/gcc/arm-none-eabi/9.3.1/../../../../arm-none-eabi/lib/thumb/v7e-m+dp/hard\libc_nano.a
LOAD c:/st/stm32cubeide_1.5.0/stm32cubeide/plugins/com.st.stm32cube.ide.mcu.externaltools.gnu-tools-for-stm32.9-2020-q2-update.win32_2.0.0.202105311346/tools/bin/../lib/gcc/arm-none-eabi/9.3.1/../../../../arm-none-eabi/lib/thumb/v7e-m+dp/hard\libnosys.a
END GROUP
LOAD c:/st/stm32cubeide_1.5.0/stm32cubeide/plugins/com.st.stm32cube.ide.mcu.externaltools.gnu-tools-for-stm32.9-2020-q2-update.win32_2.0.0.202105311346/tools/bin/../lib/gcc/arm-none-eabi/9.3.1/thumb/v7e-m+dp/hard/crtend.o
LOAD c:/st/stm32cubeide_1.5.0/stm32cubeide/plugins/com.st.stm32cube.ide.mcu.externaltools.gnu-tools-for-stm32.9-2020-q2-update.win32_2.0.0.202105311346/tools/bin/../lib/gcc/arm-none-eabi/9.3.1/thumb/v7e-m+dp/hard/crtn.o
                0x0000000020080000                _estack = (ORIGIN (RAM) + LENGTH (RAM))
                0x0000000000000200                _Min_Heap_Size = 0x200
                0x0000000000000400                _Min_Stack_Size = 0x400

.isr_vector     0x0000000008000000      0x1f8
                0x0000000008000000                . = ALIGN (0x4)
 *(.isr_vector)
 .isr_vector    0x0000000008000000      0x1f8 ./Core/Startup/startup_stm32f767zitx.o
                0x0000000008000000                g_pfnVectors
                0x00000000080001f8                . = ALIGN (0x4)

.text           0x00000000080001f8     0xa36c
                0x00000000080001f8                . = ALIGN (0x4)
 *(.text)
 .text          0x00000000080001f8       0x40 c:/st/stm32cubeide_1.5.0/stm32cubeide/plugins/com.st.stm32cube.ide.mcu.externaltools.gnu-tools-for-stm32.9-2020-q2-update.win32_2.0.0.202105311346/tools/bin/../lib/gcc/arm-none-eabi/9.3.1/thumb/v7e-m+dp/hard/crtbegin.o
 .text          0x0000000008000238       0x30 c:/st/stm32cubeide_1.5.0/stm32cubeide/plugins/com.st.stm32cube.ide.mcu.externaltools.gnu-tools-for-stm32.9-2020-q2-update.win32_2.0.0.202105311346/tools/bin/../lib/gcc/arm-none-eabi/9.3.1/thumb/v7e-m+dp/hard\libgcc.a(_aeabi_uldivmod.o)
                0x0000000008000238                __aeabi_uldivmod
 .text          0x0000000008000268      0x2c4 c:/st/stm32cubeide_1.5.0/stm32cubeide/plugins/com.st.stm32cube.ide.mcu.externaltools.gnu-tools-for-stm32.9-2020-q2-update.win32_2.0.0.202105311346/tools/bin/../lib/gcc/arm-none-eabi/9.3.1/thumb/v7e-m+dp/hard\libgcc.a(_udivmoddi4.o)
                0x0000000008000268                __udivmoddi4
 .text          0x000000000800052c        0x4 c:/st/stm32cubeide_1.5.0/stm32cubeide/plugins/com.st.stm32cube.ide.mcu.externaltools.gnu-tools-for-stm32.9-2020-q2-update.win32_2.0.0.202105311346/tools/bin/../lib/gcc/arm-none-eabi/9.3.1/thumb/v7e-m+dp/hard\libgcc.a(_dvmd_tls.o)
                0x000000000800052c                __aeabi_idiv0
                0x000000000800052c                __aeabi_ldiv0
 *(.text*)
 .text.main     0x0000000008000530       0x5c ./Core/Src/main.o
                0x0000000008000530                main
 .text.SystemClock_Config
                0x000000000800058c      0x144 ./Core/Src/main.o
                0x000000000800058c                SystemClock_Config
 .text.MX_ADC1_Init
                0x00000000080006d0       0xf8 ./Core/Src/main.o
 .text.MX_TIM1_Init
                0x00000000080007c8       0xa8 ./Core/Src/main.o
 .text.MX_TIM2_Init
                0x0000000008000870       0xa8 ./Core/Src/main.o
 .text.MX_USART3_UART_Init
                0x0000000008000918       0x60 ./Core/Src/main.o
 .text.MX_GPIO_Init
                0x0000000008000978      0x200 ./Core/Src/main.o
 .text.Error_Handler
                0x0000000008000b78        0xa ./Core/Src/main.o
                0x0000000008000b78                Error_Handler
 *fill*         0x0000000008000b82        0x2 
 .text.HAL_MspInit
                0x0000000008000b84       0x48 ./Core/Src/stm32f7xx_hal_msp.o
                0x0000000008000b84                HAL_MspInit
 .text.HAL_ADC_MspInit
                0x0000000008000bcc       0xb4 ./Core/Src/stm32f7xx_hal_msp.o
                0x0000000008000bcc                HAL_ADC_MspInit
 .text.HAL_TIM_Base_MspInit
                0x0000000008000c80       0x4c ./Core/Src/stm32f7xx_hal_msp.o
                0x0000000008000c80                HAL_TIM_Base_MspInit
 .text.HAL_TIM_IC_MspInit
                0x0000000008000ccc       0x84 ./Core/Src/stm32f7xx_hal_msp.o
                0x0000000008000ccc                HAL_TIM_IC_MspInit
 .text.HAL_UART_MspInit
                0x0000000008000d50       0x98 ./Core/Src/stm32f7xx_hal_msp.o
                0x0000000008000d50                HAL_UART_MspInit
 .text.NMI_Handler
                0x0000000008000de8        0x6 ./Core/Src/stm32f7xx_it.o
                0x0000000008000de8                NMI_Handler
 .text.HardFault_Handler
                0x0000000008000dee        0x6 ./Core/Src/stm32f7xx_it.o
                0x0000000008000dee                HardFault_Handler
 .text.MemManage_Handler
                0x0000000008000df4        0x6 ./Core/Src/stm32f7xx_it.o
                0x0000000008000df4                MemManage_Handler
 .text.BusFault_Handler
                0x0000000008000dfa        0x6 ./Core/Src/stm32f7xx_it.o
                0x0000000008000dfa                BusFault_Handler
 .text.UsageFault_Handler
                0x0000000008000e00        0x6 ./Core/Src/stm32f7xx_it.o
                0x0000000008000e00                UsageFault_Handler
 .text.SVC_Handler
                0x0000000008000e06        0xe ./Core/Src/stm32f7xx_it.o
                0x0000000008000e06                SVC_Handler
 .text.DebugMon_Handler
                0x0000000008000e14        0xe ./Core/Src/stm32f7xx_it.o
                0x0000000008000e14                DebugMon_Handler
 .text.PendSV_Handler
                0x0000000008000e22        0xe ./Core/Src/stm32f7xx_it.o
                0x0000000008000e22                PendSV_Handler
 .text.SysTick_Handler
                0x0000000008000e30       0x10 ./Core/Src/stm32f7xx_it.o
                0x0000000008000e30                SysTick_Handler
 .text.TIM1_UP_TIM10_IRQHandler
                0x0000000008000e40       0x14 ./Core/Src/stm32f7xx_it.o
                0x0000000008000e40                TIM1_UP_TIM10_IRQHandler
 .text.USART3_IRQHandler
                0x0000000008000e54       0x14 ./Core/Src/stm32f7xx_it.o
                0x0000000008000e54                USART3_IRQHandler
 .text.EXTI15_10_IRQHandler
                0x0000000008000e68       0x10 ./Core/Src/stm32f7xx_it.o
                0x0000000008000e68                EXTI15_10_IRQHandler
 .text.OTG_FS_IRQHandler
                0x0000000008000e78       0x14 ./Core/Src/stm32f7xx_it.o
                0x0000000008000e78                OTG_FS_IRQHandler
 .text._sbrk    0x0000000008000e8c       0x6c ./Core/Src/sysmem.o
                0x0000000008000e8c                _sbrk
 .text.SystemInit
                0x0000000008000ef8       0x24 ./Core/Src/system_stm32f7xx.o
                0x0000000008000ef8                SystemInit
 .text.Reset_Handler
                0x0000000008000f1c       0x50 ./Core/Startup/startup_stm32f767zitx.o
                0x0000000008000f1c                Reset_Handler
 .text.Default_Handler
                0x0000000008000f6c        0x2 ./Core/Startup/startup_stm32f767zitx.o
                0x0000000008000f6c                RTC_Alarm_IRQHandler
                0x0000000008000f6c                EXTI2_IRQHandler
                0x0000000008000f6c                TIM8_CC_IRQHandler
                0x0000000008000f6c                UART8_IRQHandler
                0x0000000008000f6c                SPI4_IRQHandler
                0x0000000008000f6c                TIM1_CC_IRQHandler
                0x0000000008000f6c                DMA2_Stream5_IRQHandler
                0x0000000008000f6c                JPEG_IRQHandler
                0x0000000008000f6c                DMA1_Stream5_IRQHandler
                0x0000000008000f6c                CAN3_RX1_IRQHandler
                0x0000000008000f6c                PVD_IRQHandler
                0x0000000008000f6c                TAMP_STAMP_IRQHandler
                0x0000000008000f6c                CAN2_RX1_IRQHandler
                0x0000000008000f6c                EXTI3_IRQHandler
                0x0000000008000f6c                TIM8_TRG_COM_TIM14_IRQHandler
                0x0000000008000f6c                DFSDM1_FLT1_IRQHandler
                0x0000000008000f6c                TIM8_UP_TIM13_IRQHandler
                0x0000000008000f6c                I2C3_ER_IRQHandler
                0x0000000008000f6c                DFSDM1_FLT2_IRQHandler
                0x0000000008000f6c                EXTI0_IRQHandler
                0x0000000008000f6c                I2C2_EV_IRQHandler
                0x0000000008000f6c                DMA1_Stream2_IRQHandler
                0x0000000008000f6c                CAN1_RX0_IRQHandler
                0x0000000008000f6c                FPU_IRQHandler
                0x0000000008000f6c                OTG_HS_WKUP_IRQHandler
                0x0000000008000f6c                CAN3_SCE_IRQHandler
                0x0000000008000f6c                LTDC_ER_IRQHandler
                0x0000000008000f6c                CAN2_SCE_IRQHandler
                0x0000000008000f6c                DMA2_Stream2_IRQHandler
                0x0000000008000f6c                SPI1_IRQHandler
                0x0000000008000f6c                TIM6_DAC_IRQHandler
                0x0000000008000f6c                TIM1_BRK_TIM9_IRQHandler
                0x0000000008000f6c                DCMI_IRQHandler
                0x0000000008000f6c                CAN2_RX0_IRQHandler
                0x0000000008000f6c                DMA2_Stream3_IRQHandler
                0x0000000008000f6c                SAI2_IRQHandler
                0x0000000008000f6c                DFSDM1_FLT3_IRQHandler
                0x0000000008000f6c                USART6_IRQHandler
                0x0000000008000f6c                CAN3_RX0_IRQHandler
                0x0000000008000f6c                CAN1_RX1_IRQHandler
                0x0000000008000f6c                UART5_IRQHandler
                0x0000000008000f6c                DMA2_Stream0_IRQHandler
                0x0000000008000f6c                TIM4_IRQHandler
                0x0000000008000f6c                QUADSPI_IRQHandler
                0x0000000008000f6c                I2C1_EV_IRQHandler
                0x0000000008000f6c                DMA1_Stream6_IRQHandler
                0x0000000008000f6c                DMA1_Stream1_IRQHandler
                0x0000000008000f6c                UART4_IRQHandler
                0x0000000008000f6c                TIM3_IRQHandler
                0x0000000008000f6c                RCC_IRQHandler
                0x0000000008000f6c                TIM8_BRK_TIM12_IRQHandler
                0x0000000008000f6c                Default_Handler
                0x0000000008000f6c                CEC_IRQHandler
                0x0000000008000f6c                ADC_IRQHandler
                0x0000000008000f6c                DMA1_Stream7_IRQHandler
                0x0000000008000f6c                SPI5_IRQHandler
                0x0000000008000f6c                TIM7_IRQHandler
                0x0000000008000f6c                SDMMC1_IRQHandler
                0x0000000008000f6c                CAN2_TX_IRQHandler
                0x0000000008000f6c                TIM5_IRQHandler
                0x0000000008000f6c                DMA2_Stream7_IRQHandler
                0x0000000008000f6c                I2C3_EV_IRQHandler
                0x0000000008000f6c                EXTI9_5_IRQHandler
                0x0000000008000f6c                RTC_WKUP_IRQHandler
                0x0000000008000f6c                LTDC_IRQHandler
                0x0000000008000f6c                ETH_WKUP_IRQHandler
                0x0000000008000f6c                SPDIF_RX_IRQHandler
                0x0000000008000f6c                SPI2_IRQHandler
                0x0000000008000f6c                OTG_HS_EP1_IN_IRQHandler
                0x0000000008000f6c                DMA1_Stream0_IRQHandler
                0x0000000008000f6c                CAN1_TX_IRQHandler
                0x0000000008000f6c                EXTI4_IRQHandler
                0x0000000008000f6c                RNG_IRQHandler
                0x0000000008000f6c                ETH_IRQHandler
                0x0000000008000f6c                OTG_HS_EP1_OUT_IRQHandler
                0x0000000008000f6c                WWDG_IRQHandler
                0x0000000008000f6c                SPI6_IRQHandler
                0x0000000008000f6c                MDIOS_IRQHandler
                0x0000000008000f6c                I2C4_EV_IRQHandler
                0x0000000008000f6c                CAN3_TX_IRQHandler
                0x0000000008000f6c                TIM2_IRQHandler
                0x0000000008000f6c                OTG_FS_WKUP_IRQHandler
                0x0000000008000f6c                TIM1_TRG_COM_TIM11_IRQHandler
                0x0000000008000f6c                OTG_HS_IRQHandler
                0x0000000008000f6c                DMA2D_IRQHandler
                0x0000000008000f6c                EXTI1_IRQHandler
                0x0000000008000f6c                SDMMC2_IRQHandler
                0x0000000008000f6c                UART7_IRQHandler
                0x0000000008000f6c                USART2_IRQHandler
                0x0000000008000f6c                DFSDM1_FLT0_IRQHandler
                0x0000000008000f6c                I2C2_ER_IRQHandler
                0x0000000008000f6c                DMA2_Stream1_IRQHandler
                0x0000000008000f6c                CAN1_SCE_IRQHandler
                0x0000000008000f6c                FLASH_IRQHandler
                0x0000000008000f6c                DMA2_Stream4_IRQHandler
                0x0000000008000f6c                USART1_IRQHandler
                0x0000000008000f6c                SPI3_IRQHandler
                0x0000000008000f6c                DMA1_Stream4_IRQHandler
                0x0000000008000f6c                I2C1_ER_IRQHandler
                0x0000000008000f6c                FMC_IRQHandler
                0x0000000008000f6c                LPTIM1_IRQHandler
                0x0000000008000f6c                I2C4_ER_IRQHandler
                0x0000000008000f6c                DMA2_Stream6_IRQHandler
                0x0000000008000f6c                SAI1_IRQHandler
                0x0000000008000f6c                DMA1_Stream3_IRQHandler
 .text.HAL_Init
                0x0000000008000f6e       0x1a ./Drivers/STM32F7xx_HAL_Driver/Src/stm32f7xx_hal.o
                0x0000000008000f6e                HAL_Init
 .text.HAL_InitTick
                0x0000000008000f88       0x60 ./Drivers/STM32F7xx_HAL_Driver/Src/stm32f7xx_hal.o
                0x0000000008000f88                HAL_InitTick
 .text.HAL_IncTick
                0x0000000008000fe8       0x28 ./Drivers/STM32F7xx_HAL_Driver/Src/stm32f7xx_hal.o
                0x0000000008000fe8                HAL_IncTick
 .text.HAL_GetTick
                0x0000000008001010       0x18 ./Drivers/STM32F7xx_HAL_Driver/Src/stm32f7xx_hal.o
                0x0000000008001010                HAL_GetTick
 .text.HAL_Delay
                0x0000000008001028       0x48 ./Drivers/STM32F7xx_HAL_Driver/Src/stm32f7xx_hal.o
                0x0000000008001028                HAL_Delay
 .text.HAL_ADC_Init
                0x0000000008001070       0x88 ./Drivers/STM32F7xx_HAL_Driver/Src/stm32f7xx_hal_adc.o
                0x0000000008001070                HAL_ADC_Init
 .text.HAL_ADC_Start
                0x00000000080010f8      0x19c ./Drivers/STM32F7xx_HAL_Driver/Src/stm32f7xx_hal_adc.o
                0x00000000080010f8                HAL_ADC_Start
 .text.HAL_ADC_Stop
                0x0000000008001294       0x68 ./Drivers/STM32F7xx_HAL_Driver/Src/stm32f7xx_hal_adc.o
                0x0000000008001294                HAL_ADC_Stop
 .text.HAL_ADC_PollForConversion
                0x00000000080012fc      0x116 ./Drivers/STM32F7xx_HAL_Driver/Src/stm32f7xx_hal_adc.o
                0x00000000080012fc                HAL_ADC_PollForConversion
 .text.HAL_ADC_GetValue
                0x0000000008001412       0x1a ./Drivers/STM32F7xx_HAL_Driver/Src/stm32f7xx_hal_adc.o
                0x0000000008001412                HAL_ADC_GetValue
 .text.HAL_ADC_ConfigChannel
                0x000000000800142c      0x294 ./Drivers/STM32F7xx_HAL_Driver/Src/stm32f7xx_hal_adc.o
                0x000000000800142c                HAL_ADC_ConfigChannel
 .text.ADC_Init
                0x00000000080016c0      0x1f4 ./Drivers/STM32F7xx_HAL_Driver/Src/stm32f7xx_hal_adc.o
 .text.__NVIC_SetPriorityGrouping
                0x00000000080018b4       0x48 ./Drivers/STM32F7xx_HAL_Driver/Src/stm32f7xx_hal_cortex.o
 .text.__NVIC_GetPriorityGrouping
                0x00000000080018fc       0x1c ./Drivers/STM32F7xx_HAL_Driver/Src/stm32f7xx_hal_cortex.o
 .text.__NVIC_EnableIRQ
                0x0000000008001918       0x3c ./Drivers/STM32F7xx_HAL_Driver/Src/stm32f7xx_hal_cortex.o
 .text.__NVIC_SetPriority
                0x0000000008001954       0x54 ./Drivers/STM32F7xx_HAL_Driver/Src/stm32f7xx_hal_cortex.o
 .text.NVIC_EncodePriority
                0x00000000080019a8       0x66 ./Drivers/STM32F7xx_HAL_Driver/Src/stm32f7xx_hal_cortex.o
 *fill*         0x0000000008001a0e        0x2 
 .text.SysTick_Config
                0x0000000008001a10       0x44 ./Drivers/STM32F7xx_HAL_Driver/Src/stm32f7xx_hal_cortex.o
 .text.HAL_NVIC_SetPriorityGrouping
                0x0000000008001a54       0x16 ./Drivers/STM32F7xx_HAL_Driver/Src/stm32f7xx_hal_cortex.o
                0x0000000008001a54                HAL_NVIC_SetPriorityGrouping
 .text.HAL_NVIC_SetPriority
                0x0000000008001a6a       0x38 ./Drivers/STM32F7xx_HAL_Driver/Src/stm32f7xx_hal_cortex.o
                0x0000000008001a6a                HAL_NVIC_SetPriority
 .text.HAL_NVIC_EnableIRQ
                0x0000000008001aa2       0x1c ./Drivers/STM32F7xx_HAL_Driver/Src/stm32f7xx_hal_cortex.o
                0x0000000008001aa2                HAL_NVIC_EnableIRQ
 .text.HAL_SYSTICK_Config
                0x0000000008001abe       0x18 ./Drivers/STM32F7xx_HAL_Driver/Src/stm32f7xx_hal_cortex.o
                0x0000000008001abe                HAL_SYSTICK_Config
 .text.HAL_DMA_Abort
                0x0000000008001ad6       0xe0 ./Drivers/STM32F7xx_HAL_Driver/Src/stm32f7xx_hal_dma.o
                0x0000000008001ad6                HAL_DMA_Abort
 .text.HAL_DMA_Abort_IT
                0x0000000008001bb6       0x44 ./Drivers/STM32F7xx_HAL_Driver/Src/stm32f7xx_hal_dma.o
                0x0000000008001bb6                HAL_DMA_Abort_IT
 *fill*         0x0000000008001bfa        0x2 
 .text.HAL_GPIO_Init
                0x0000000008001bfc      0x358 ./Drivers/STM32F7xx_HAL_Driver/Src/stm32f7xx_hal_gpio.o
                0x0000000008001bfc                HAL_GPIO_Init
 .text.HAL_GPIO_WritePin
                0x0000000008001f54       0x32 ./Drivers/STM32F7xx_HAL_Driver/Src/stm32f7xx_hal_gpio.o
                0x0000000008001f54                HAL_GPIO_WritePin
 *fill*         0x0000000008001f86        0x2 
 .text.HAL_GPIO_EXTI_IRQHandler
                0x0000000008001f88       0x30 ./Drivers/STM32F7xx_HAL_Driver/Src/stm32f7xx_hal_gpio.o
                0x0000000008001f88                HAL_GPIO_EXTI_IRQHandler
 .text.HAL_PCD_Init
                0x0000000008001fb8      0x248 ./Drivers/STM32F7xx_HAL_Driver/Src/stm32f7xx_hal_pcd.o
                0x0000000008001fb8                HAL_PCD_Init
 .text.HAL_PCD_Start
                0x0000000008002200       0x44 ./Drivers/STM32F7xx_HAL_Driver/Src/stm32f7xx_hal_pcd.o
                0x0000000008002200                HAL_PCD_Start
 .text.HAL_PCD_IRQHandler
                0x0000000008002244      0x7be ./Drivers/STM32F7xx_HAL_Driver/Src/stm32f7xx_hal_pcd.o
                0x0000000008002244                HAL_PCD_IRQHandler
 .text.HAL_PCD_SetAddress
                0x0000000008002a02       0x4a ./Drivers/STM32F7xx_HAL_Driver/Src/stm32f7xx_hal_pcd.o
                0x0000000008002a02                HAL_PCD_SetAddress
 .text.HAL_PCD_EP_Open
                0x0000000008002a4c       0xd0 ./Drivers/STM32F7xx_HAL_Driver/Src/stm32f7xx_hal_pcd.o
                0x0000000008002a4c                HAL_PCD_EP_Open
 .text.HAL_PCD_EP_Close
                0x0000000008002b1c       0x94 ./Drivers/STM32F7xx_HAL_Driver/Src/stm32f7xx_hal_pcd.o
                0x0000000008002b1c                HAL_PCD_EP_Close
 .text.HAL_PCD_EP_Receive
                0x0000000008002bb0       0x96 ./Drivers/STM32F7xx_HAL_Driver/Src/stm32f7xx_hal_pcd.o
                0x0000000008002bb0                HAL_PCD_EP_Receive
 .text.HAL_PCD_EP_GetRxCount
                0x0000000008002c46       0x30 ./Drivers/STM32F7xx_HAL_Driver/Src/stm32f7xx_hal_pcd.o
                0x0000000008002c46                HAL_PCD_EP_GetRxCount
 .text.HAL_PCD_EP_Transmit
                0x0000000008002c76       0x94 ./Drivers/STM32F7xx_HAL_Driver/Src/stm32f7xx_hal_pcd.o
                0x0000000008002c76                HAL_PCD_EP_Transmit
 .text.HAL_PCD_EP_SetStall
                0x0000000008002d0a       0xc8 ./Drivers/STM32F7xx_HAL_Driver/Src/stm32f7xx_hal_pcd.o
                0x0000000008002d0a                HAL_PCD_EP_SetStall
 .text.HAL_PCD_EP_ClrStall
                0x0000000008002dd2       0xac ./Drivers/STM32F7xx_HAL_Driver/Src/stm32f7xx_hal_pcd.o
                0x0000000008002dd2                HAL_PCD_EP_ClrStall
 .text.PCD_WriteEmptyTxFifo
                0x0000000008002e7e      0x11a ./Drivers/STM32F7xx_HAL_Driver/Src/stm32f7xx_hal_pcd.o
 .text.PCD_EP_OutXfrComplete_int
                0x0000000008002f98      0x218 ./Drivers/STM32F7xx_HAL_Driver/Src/stm32f7xx_hal_pcd.o
 .text.PCD_EP_OutSetupPacket_int
                0x00000000080031b0       0x8c ./Drivers/STM32F7xx_HAL_Driver/Src/stm32f7xx_hal_pcd.o
 .text.HAL_PCDEx_SetTxFiFo
                0x000000000800323c       0x8e ./Drivers/STM32F7xx_HAL_Driver/Src/stm32f7xx_hal_pcd_ex.o
                0x000000000800323c                HAL_PCDEx_SetTxFiFo
 .text.HAL_PCDEx_SetRxFiFo
                0x00000000080032ca       0x22 ./Drivers/STM32F7xx_HAL_Driver/Src/stm32f7xx_hal_pcd_ex.o
                0x00000000080032ca                HAL_PCDEx_SetRxFiFo
 .text.HAL_PCDEx_ActivateLPM
                0x00000000080032ec       0x48 ./Drivers/STM32F7xx_HAL_Driver/Src/stm32f7xx_hal_pcd_ex.o
                0x00000000080032ec                HAL_PCDEx_ActivateLPM
 .text.HAL_PWR_EnableBkUpAccess
                0x0000000008003334       0x20 ./Drivers/STM32F7xx_HAL_Driver/Src/stm32f7xx_hal_pwr.o
                0x0000000008003334                HAL_PWR_EnableBkUpAccess
 .text.HAL_PWREx_EnableOverDrive
                0x0000000008003354       0xa0 ./Drivers/STM32F7xx_HAL_Driver/Src/stm32f7xx_hal_pwr_ex.o
                0x0000000008003354                HAL_PWREx_EnableOverDrive
 .text.HAL_RCC_OscConfig
                0x00000000080033f4      0x55c ./Drivers/STM32F7xx_HAL_Driver/Src/stm32f7xx_hal_rcc.o
                0x00000000080033f4                HAL_RCC_OscConfig
 .text.HAL_RCC_ClockConfig
                0x0000000008003950      0x1d8 ./Drivers/STM32F7xx_HAL_Driver/Src/stm32f7xx_hal_rcc.o
                0x0000000008003950                HAL_RCC_ClockConfig
 .text.HAL_RCC_MCOConfig
                0x0000000008003b28       0xc8 ./Drivers/STM32F7xx_HAL_Driver/Src/stm32f7xx_hal_rcc.o
                0x0000000008003b28                HAL_RCC_MCOConfig
 .text.HAL_RCC_GetSysClockFreq
                0x0000000008003bf0      0x1c4 ./Drivers/STM32F7xx_HAL_Driver/Src/stm32f7xx_hal_rcc.o
                0x0000000008003bf0                HAL_RCC_GetSysClockFreq
 .text.HAL_RCC_GetHCLKFreq
                0x0000000008003db4       0x18 ./Drivers/STM32F7xx_HAL_Driver/Src/stm32f7xx_hal_rcc.o
                0x0000000008003db4                HAL_RCC_GetHCLKFreq
 .text.HAL_RCC_GetPCLK1Freq
                0x0000000008003dcc       0x28 ./Drivers/STM32F7xx_HAL_Driver/Src/stm32f7xx_hal_rcc.o
                0x0000000008003dcc                HAL_RCC_GetPCLK1Freq
 .text.HAL_RCC_GetPCLK2Freq
                0x0000000008003df4       0x28 ./Drivers/STM32F7xx_HAL_Driver/Src/stm32f7xx_hal_rcc.o
                0x0000000008003df4                HAL_RCC_GetPCLK2Freq
 .text.HAL_RCCEx_PeriphCLKConfig
                0x0000000008003e1c      0x850 ./Drivers/STM32F7xx_HAL_Driver/Src/stm32f7xx_hal_rcc_ex.o
                0x0000000008003e1c                HAL_RCCEx_PeriphCLKConfig
 .text.HAL_TIM_Base_Init
                0x000000000800466c       0xae ./Drivers/STM32F7xx_HAL_Driver/Src/stm32f7xx_hal_tim.o
                0x000000000800466c                HAL_TIM_Base_Init
 *fill*         0x000000000800471a        0x2 
 .text.HAL_TIM_Base_Start_IT
                0x000000000800471c       0xf0 ./Drivers/STM32F7xx_HAL_Driver/Src/stm32f7xx_hal_tim.o
                0x000000000800471c                HAL_TIM_Base_Start_IT
 .text.HAL_TIM_Base_Stop_IT
                0x000000000800480c       0x5e ./Drivers/STM32F7xx_HAL_Driver/Src/stm32f7xx_hal_tim.o
                0x000000000800480c                HAL_TIM_Base_Stop_IT
 .text.HAL_TIM_IC_Init
                0x000000000800486a       0xae ./Drivers/STM32F7xx_HAL_Driver/Src/stm32f7xx_hal_tim.o
                0x000000000800486a                HAL_TIM_IC_Init
 .text.HAL_TIM_IRQHandler
                0x0000000008004918      0x23e ./Drivers/STM32F7xx_HAL_Driver/Src/stm32f7xx_hal_tim.o
                0x0000000008004918                HAL_TIM_IRQHandler
 .text.HAL_TIM_IC_ConfigChannel
                0x0000000008004b56      0x128 ./Drivers/STM32F7xx_HAL_Driver/Src/stm32f7xx_hal_tim.o
                0x0000000008004b56                HAL_TIM_IC_ConfigChannel
 *fill*         0x0000000008004c7e        0x2 
 .text.HAL_TIM_ConfigClockSource
                0x0000000008004c80      0x18c ./Drivers/STM32F7xx_HAL_Driver/Src/stm32f7xx_hal_tim.o
                0x0000000008004c80                HAL_TIM_ConfigClockSource
 .text.HAL_TIM_OC_DelayElapsedCallback
                0x0000000008004e0c       0x14 ./Drivers/STM32F7xx_HAL_Driver/Src/stm32f7xx_hal_tim.o
                0x0000000008004e0c                HAL_TIM_OC_DelayElapsedCallback
 .text.HAL_TIM_IC_CaptureCallback
                0x0000000008004e20       0x14 ./Drivers/STM32F7xx_HAL_Driver/Src/stm32f7xx_hal_tim.o
                0x0000000008004e20                HAL_TIM_IC_CaptureCallback
 .text.HAL_TIM_PWM_PulseFinishedCallback
                0x0000000008004e34       0x14 ./Drivers/STM32F7xx_HAL_Driver/Src/stm32f7xx_hal_tim.o
                0x0000000008004e34                HAL_TIM_PWM_PulseFinishedCallback
 .text.HAL_TIM_TriggerCallback
                0x0000000008004e48       0x14 ./Drivers/STM32F7xx_HAL_Driver/Src/stm32f7xx_hal_tim.o
                0x0000000008004e48                HAL_TIM_TriggerCallback
 .text.TIM_Base_SetConfig
                0x0000000008004e5c      0x140 ./Drivers/STM32F7xx_HAL_Driver/Src/stm32f7xx_hal_tim.o
                0x0000000008004e5c                TIM_Base_SetConfig
 .text.TIM_TI1_SetConfig
                0x0000000008004f9c       0xe8 ./Drivers/STM32F7xx_HAL_Driver/Src/stm32f7xx_hal_tim.o
                0x0000000008004f9c                TIM_TI1_SetConfig
 .text.TIM_TI1_ConfigInputStage
                0x0000000008005084       0x5e ./Drivers/STM32F7xx_HAL_Driver/Src/stm32f7xx_hal_tim.o
 .text.TIM_TI2_SetConfig
                0x00000000080050e2       0x7a ./Drivers/STM32F7xx_HAL_Driver/Src/stm32f7xx_hal_tim.o
 .text.TIM_TI2_ConfigInputStage
                0x000000000800515c       0x60 ./Drivers/STM32F7xx_HAL_Driver/Src/stm32f7xx_hal_tim.o
 .text.TIM_TI3_SetConfig
                0x00000000080051bc       0x78 ./Drivers/STM32F7xx_HAL_Driver/Src/stm32f7xx_hal_tim.o
 .text.TIM_TI4_SetConfig
                0x0000000008005234       0x7a ./Drivers/STM32F7xx_HAL_Driver/Src/stm32f7xx_hal_tim.o
 .text.TIM_ITRx_SetConfig
                0x00000000080052ae       0x36 ./Drivers/STM32F7xx_HAL_Driver/Src/stm32f7xx_hal_tim.o
 .text.TIM_ETR_SetConfig
                0x00000000080052e4       0x40 ./Drivers/STM32F7xx_HAL_Driver/Src/stm32f7xx_hal_tim.o
                0x00000000080052e4                TIM_ETR_SetConfig
 .text.HAL_TIMEx_MasterConfigSynchronization
                0x0000000008005324      0x11c ./Drivers/STM32F7xx_HAL_Driver/Src/stm32f7xx_hal_tim_ex.o
                0x0000000008005324                HAL_TIMEx_MasterConfigSynchronization
 .text.HAL_TIMEx_CommutCallback
                0x0000000008005440       0x14 ./Drivers/STM32F7xx_HAL_Driver/Src/stm32f7xx_hal_tim_ex.o
                0x0000000008005440                HAL_TIMEx_CommutCallback
 .text.HAL_TIMEx_BreakCallback
                0x0000000008005454       0x14 ./Drivers/STM32F7xx_HAL_Driver/Src/stm32f7xx_hal_tim_ex.o
                0x0000000008005454                HAL_TIMEx_BreakCallback
 .text.HAL_TIMEx_Break2Callback
                0x0000000008005468       0x14 ./Drivers/STM32F7xx_HAL_Driver/Src/stm32f7xx_hal_tim_ex.o
                0x0000000008005468                HAL_TIMEx_Break2Callback
 .text.HAL_UART_Init
                0x000000000800547c       0x9c ./Drivers/STM32F7xx_HAL_Driver/Src/stm32f7xx_hal_uart.o
                0x000000000800547c                HAL_UART_Init
 .text.HAL_UART_IRQHandler
                0x0000000008005518      0x400 ./Drivers/STM32F7xx_HAL_Driver/Src/stm32f7xx_hal_uart.o
                0x0000000008005518                HAL_UART_IRQHandler
 .text.HAL_UART_TxCpltCallback
                0x0000000008005918       0x14 ./Drivers/STM32F7xx_HAL_Driver/Src/stm32f7xx_hal_uart.o
                0x0000000008005918                HAL_UART_TxCpltCallback
 .text.HAL_UART_ErrorCallback
                0x000000000800592c       0x14 ./Drivers/STM32F7xx_HAL_Driver/Src/stm32f7xx_hal_uart.o
                0x000000000800592c                HAL_UART_ErrorCallback
 .text.HAL_UARTEx_RxEventCallback
                0x0000000008005940       0x18 ./Drivers/STM32F7xx_HAL_Driver/Src/stm32f7xx_hal_uart.o
                0x0000000008005940                HAL_UARTEx_RxEventCallback
 .text.HAL_UARTEx_WakeupCallback
                0x0000000008005958       0x14 ./Drivers/STM32F7xx_HAL_Driver/Src/stm32f7xx_hal_uart.o
                0x0000000008005958                HAL_UARTEx_WakeupCallback
 .text.UART_SetConfig
                0x000000000800596c      0x4c4 ./Drivers/STM32F7xx_HAL_Driver/Src/stm32f7xx_hal_uart.o
                0x000000000800596c                UART_SetConfig
 .text.UART_AdvFeatureConfig
                0x0000000008005e30      0x144 ./Drivers/STM32F7xx_HAL_Driver/Src/stm32f7xx_hal_uart.o
                0x0000000008005e30                UART_AdvFeatureConfig
 .text.UART_CheckIdleState
                0x0000000008005f74       0x92 ./Drivers/STM32F7xx_HAL_Driver/Src/stm32f7xx_hal_uart.o
                0x0000000008005f74                UART_CheckIdleState
 .text.UART_WaitOnFlagUntilTimeout
                0x0000000008006006       0xf8 ./Drivers/STM32F7xx_HAL_Driver/Src/stm32f7xx_hal_uart.o
                0x0000000008006006                UART_WaitOnFlagUntilTimeout
 .text.UART_EndRxTransfer
                0x00000000080060fe       0x5e ./Drivers/STM32F7xx_HAL_Driver/Src/stm32f7xx_hal_uart.o
 .text.UART_DMAAbortOnError
                0x000000000800615c       0x2c ./Drivers/STM32F7xx_HAL_Driver/Src/stm32f7xx_hal_uart.o
 .text.UART_EndTransmit_IT
                0x0000000008006188       0x32 ./Drivers/STM32F7xx_HAL_Driver/Src/stm32f7xx_hal_uart.o
 *fill*         0x00000000080061ba        0x2 
 .text.USB_CoreInit
                0x00000000080061bc       0xb0 ./Drivers/STM32F7xx_HAL_Driver/Src/stm32f7xx_ll_usb.o
                0x00000000080061bc                USB_CoreInit
 .text.USB_SetTurnaroundTime
                0x000000000800626c      0x144 ./Drivers/STM32F7xx_HAL_Driver/Src/stm32f7xx_ll_usb.o
                0x000000000800626c                USB_SetTurnaroundTime
 .text.USB_EnableGlobalInt
                0x00000000080063b0       0x22 ./Drivers/STM32F7xx_HAL_Driver/Src/stm32f7xx_ll_usb.o
                0x00000000080063b0                USB_EnableGlobalInt
 .text.USB_DisableGlobalInt
                0x00000000080063d2       0x22 ./Drivers/STM32F7xx_HAL_Driver/Src/stm32f7xx_ll_usb.o
                0x00000000080063d2                USB_DisableGlobalInt
 .text.USB_SetCurrentMode
                0x00000000080063f4       0x54 ./Drivers/STM32F7xx_HAL_Driver/Src/stm32f7xx_ll_usb.o
                0x00000000080063f4                USB_SetCurrentMode
 .text.USB_DevInit
                0x0000000008006448      0x2dc ./Drivers/STM32F7xx_HAL_Driver/Src/stm32f7xx_ll_usb.o
                0x0000000008006448                USB_DevInit
 .text.USB_FlushTxFifo
                0x0000000008006724       0x4c ./Drivers/STM32F7xx_HAL_Driver/Src/stm32f7xx_ll_usb.o
                0x0000000008006724                USB_FlushTxFifo
 .text.USB_FlushRxFifo
                0x0000000008006770       0x44 ./Drivers/STM32F7xx_HAL_Driver/Src/stm32f7xx_ll_usb.o
                0x0000000008006770                USB_FlushRxFifo
 .text.USB_SetDevSpeed
                0x00000000080067b4       0x32 ./Drivers/STM32F7xx_HAL_Driver/Src/stm32f7xx_ll_usb.o
                0x00000000080067b4                USB_SetDevSpeed
 .text.USB_GetDevSpeed
                0x00000000080067e6       0x4a ./Drivers/STM32F7xx_HAL_Driver/Src/stm32f7xx_ll_usb.o
                0x00000000080067e6                USB_GetDevSpeed
 .text.USB_ActivateEndpoint
                0x0000000008006830      0x110 ./Drivers/STM32F7xx_HAL_Driver/Src/stm32f7xx_ll_usb.o
                0x0000000008006830                USB_ActivateEndpoint
 .text.USB_DeactivateEndpoint
                0x0000000008006940      0x1b8 ./Drivers/STM32F7xx_HAL_Driver/Src/stm32f7xx_ll_usb.o
                0x0000000008006940                USB_DeactivateEndpoint
 .text.USB_EPStartXfer
                0x0000000008006af8      0x498 ./Drivers/STM32F7xx_HAL_Driver/Src/stm32f7xx_ll_usb.o
                0x0000000008006af8                USB_EPStartXfer
 .text.USB_EP0StartXfer
                0x0000000008006f90      0x2b0 ./Drivers/STM32F7xx_HAL_Driver/Src/stm32f7xx_ll_usb.o
                0x0000000008006f90                USB_EP0StartXfer
 .text.USB_WritePacket
                0x0000000008007240       0x6a ./Drivers/STM32F7xx_HAL_Driver/Src/stm32f7xx_ll_usb.o
                0x0000000008007240                USB_WritePacket
 .text.USB_ReadPacket
                0x00000000080072aa       0x52 ./Drivers/STM32F7xx_HAL_Driver/Src/stm32f7xx_ll_usb.o
                0x00000000080072aa                USB_ReadPacket
 .text.USB_EPSetStall
                0x00000000080072fc       0xdc ./Drivers/STM32F7xx_HAL_Driver/Src/stm32f7xx_ll_usb.o
                0x00000000080072fc                USB_EPSetStall
 .text.USB_EPClearStall
                0x00000000080073d8       0xcc ./Drivers/STM32F7xx_HAL_Driver/Src/stm32f7xx_ll_usb.o
                0x00000000080073d8                USB_EPClearStall
 .text.USB_SetDevAddress
                0x00000000080074a4       0x4c ./Drivers/STM32F7xx_HAL_Driver/Src/stm32f7xx_ll_usb.o
                0x00000000080074a4                USB_SetDevAddress
 .text.USB_DevConnect
                0x00000000080074f0       0x42 ./Drivers/STM32F7xx_HAL_Driver/Src/stm32f7xx_ll_usb.o
                0x00000000080074f0                USB_DevConnect
 .text.USB_DevDisconnect
                0x0000000008007532       0x42 ./Drivers/STM32F7xx_HAL_Driver/Src/stm32f7xx_ll_usb.o
                0x0000000008007532                USB_DevDisconnect
 .text.USB_ReadInterrupts
                0x0000000008007574       0x26 ./Drivers/STM32F7xx_HAL_Driver/Src/stm32f7xx_ll_usb.o
                0x0000000008007574                USB_ReadInterrupts
 .text.USB_ReadDevAllOutEpInterrupt
                0x000000000800759a       0x34 ./Drivers/STM32F7xx_HAL_Driver/Src/stm32f7xx_ll_usb.o
                0x000000000800759a                USB_ReadDevAllOutEpInterrupt
 .text.USB_ReadDevAllInEpInterrupt
                0x00000000080075ce       0x34 ./Drivers/STM32F7xx_HAL_Driver/Src/stm32f7xx_ll_usb.o
                0x00000000080075ce                USB_ReadDevAllInEpInterrupt
 .text.USB_ReadDevOutEPInterrupt
                0x0000000008007602       0x3c ./Drivers/STM32F7xx_HAL_Driver/Src/stm32f7xx_ll_usb.o
                0x0000000008007602                USB_ReadDevOutEPInterrupt
 .text.USB_ReadDevInEPInterrupt
                0x000000000800763e       0x5c ./Drivers/STM32F7xx_HAL_Driver/Src/stm32f7xx_ll_usb.o
                0x000000000800763e                USB_ReadDevInEPInterrupt
 .text.USB_GetMode
                0x000000000800769a       0x1c ./Drivers/STM32F7xx_HAL_Driver/Src/stm32f7xx_ll_usb.o
                0x000000000800769a                USB_GetMode
 *fill*         0x00000000080076b6        0x2 
 .text.USB_ActivateSetup
                0x00000000080076b8       0x48 ./Drivers/STM32F7xx_HAL_Driver/Src/stm32f7xx_ll_usb.o
                0x00000000080076b8                USB_ActivateSetup
 .text.USB_EP0_OutStart
                0x0000000008007700       0xbc ./Drivers/STM32F7xx_HAL_Driver/Src/stm32f7xx_ll_usb.o
                0x0000000008007700                USB_EP0_OutStart
 .text.USB_CoreReset
                0x00000000080077bc       0x68 ./Drivers/STM32F7xx_HAL_Driver/Src/stm32f7xx_ll_usb.o
 .text.USBD_CDC_Init
                0x0000000008007824      0x100 ./Middlewares/ST/STM32_USB_Device_Library/Class/CDC/Src/usbd_cdc.o
 .text.USBD_CDC_DeInit
                0x0000000008007924       0x78 ./Middlewares/ST/STM32_USB_Device_Library/Class/CDC/Src/usbd_cdc.o
 .text.USBD_CDC_Setup
                0x000000000800799c      0x178 ./Middlewares/ST/STM32_USB_Device_Library/Class/CDC/Src/usbd_cdc.o
 .text.USBD_CDC_DataIn
                0x0000000008007b14       0xbe ./Middlewares/ST/STM32_USB_Device_Library/Class/CDC/Src/usbd_cdc.o
 .text.USBD_CDC_DataOut
                0x0000000008007bd2       0x56 ./Middlewares/ST/STM32_USB_Device_Library/Class/CDC/Src/usbd_cdc.o
 .text.USBD_CDC_EP0_RxReady
                0x0000000008007c28       0x50 ./Middlewares/ST/STM32_USB_Device_Library/Class/CDC/Src/usbd_cdc.o
 .text.USBD_CDC_GetFSCfgDesc
                0x0000000008007c78       0x20 ./Middlewares/ST/STM32_USB_Device_Library/Class/CDC/Src/usbd_cdc.o
 .text.USBD_CDC_GetHSCfgDesc
                0x0000000008007c98       0x20 ./Middlewares/ST/STM32_USB_Device_Library/Class/CDC/Src/usbd_cdc.o
 .text.USBD_CDC_GetOtherSpeedCfgDesc
                0x0000000008007cb8       0x20 ./Middlewares/ST/STM32_USB_Device_Library/Class/CDC/Src/usbd_cdc.o
 .text.USBD_CDC_GetDeviceQualifierDescriptor
                0x0000000008007cd8       0x20 ./Middlewares/ST/STM32_USB_Device_Library/Class/CDC/Src/usbd_cdc.o
                0x0000000008007cd8                USBD_CDC_GetDeviceQualifierDescriptor
 .text.USBD_CDC_RegisterInterface
                0x0000000008007cf8       0x2a ./Middlewares/ST/STM32_USB_Device_Library/Class/CDC/Src/usbd_cdc.o
                0x0000000008007cf8                USBD_CDC_RegisterInterface
 .text.USBD_CDC_SetTxBuffer
                0x0000000008007d22       0x32 ./Middlewares/ST/STM32_USB_Device_Library/Class/CDC/Src/usbd_cdc.o
                0x0000000008007d22                USBD_CDC_SetTxBuffer
 .text.USBD_CDC_SetRxBuffer
                0x0000000008007d54       0x28 ./Middlewares/ST/STM32_USB_Device_Library/Class/CDC/Src/usbd_cdc.o
                0x0000000008007d54                USBD_CDC_SetRxBuffer
 .text.USBD_CDC_ReceivePacket
                0x0000000008007d7c       0x54 ./Middlewares/ST/STM32_USB_Device_Library/Class/CDC/Src/usbd_cdc.o
                0x0000000008007d7c                USBD_CDC_ReceivePacket
 .text.USBD_Init
                0x0000000008007dd0       0x6c ./Middlewares/ST/STM32_USB_Device_Library/Core/Src/usbd_core.o
                0x0000000008007dd0                USBD_Init
 .text.USBD_RegisterClass
                0x0000000008007e3c       0x42 ./Middlewares/ST/STM32_USB_Device_Library/Core/Src/usbd_core.o
                0x0000000008007e3c                USBD_RegisterClass
 .text.USBD_Start
                0x0000000008007e7e       0x18 ./Middlewares/ST/STM32_USB_Device_Library/Core/Src/usbd_core.o
                0x0000000008007e7e                USBD_Start
 .text.USBD_RunTestMode
                0x0000000008007e96       0x16 ./Middlewares/ST/STM32_USB_Device_Library/Core/Src/usbd_core.o
                0x0000000008007e96                USBD_RunTestMode
 .text.USBD_SetClassConfig
                0x0000000008007eac       0x38 ./Middlewares/ST/STM32_USB_Device_Library/Core/Src/usbd_core.o
                0x0000000008007eac                USBD_SetClassConfig
 .text.USBD_ClrClassConfig
                0x0000000008007ee4       0x30 ./Middlewares/ST/STM32_USB_Device_Library/Core/Src/usbd_core.o
                0x0000000008007ee4                USBD_ClrClassConfig
 .text.USBD_LL_SetupStage
                0x0000000008007f14       0xaa ./Middlewares/ST/STM32_USB_Device_Library/Core/Src/usbd_core.o
                0x0000000008007f14                USBD_LL_SetupStage
 .text.USBD_LL_DataOutStage
                0x0000000008007fbe       0xc6 ./Middlewares/ST/STM32_USB_Device_Library/Core/Src/usbd_core.o
                0x0000000008007fbe                USBD_LL_DataOutStage
 .text.USBD_LL_DataInStage
                0x0000000008008084      0x12c ./Middlewares/ST/STM32_USB_Device_Library/Core/Src/usbd_core.o
                0x0000000008008084                USBD_LL_DataInStage
 .text.USBD_LL_Reset
                0x00000000080081b0       0x82 ./Middlewares/ST/STM32_USB_Device_Library/Core/Src/usbd_core.o
                0x00000000080081b0                USBD_LL_Reset
 .text.USBD_LL_SetSpeed
                0x0000000008008232       0x20 ./Middlewares/ST/STM32_USB_Device_Library/Core/Src/usbd_core.o
                0x0000000008008232                USBD_LL_SetSpeed
 .text.USBD_LL_Suspend
                0x0000000008008252       0x2a ./Middlewares/ST/STM32_USB_Device_Library/Core/Src/usbd_core.o
                0x0000000008008252                USBD_LL_Suspend
 .text.USBD_LL_Resume
                0x000000000800827c       0x2c ./Middlewares/ST/STM32_USB_Device_Library/Core/Src/usbd_core.o
                0x000000000800827c                USBD_LL_Resume
 .text.USBD_LL_SOF
                0x00000000080082a8       0x34 ./Middlewares/ST/STM32_USB_Device_Library/Core/Src/usbd_core.o
                0x00000000080082a8                USBD_LL_SOF
 .text.USBD_LL_IsoINIncomplete
                0x00000000080082dc       0x1a ./Middlewares/ST/STM32_USB_Device_Library/Core/Src/usbd_core.o
                0x00000000080082dc                USBD_LL_IsoINIncomplete
 .text.USBD_LL_IsoOUTIncomplete
                0x00000000080082f6       0x1a ./Middlewares/ST/STM32_USB_Device_Library/Core/Src/usbd_core.o
                0x00000000080082f6                USBD_LL_IsoOUTIncomplete
 .text.USBD_LL_DevConnected
                0x0000000008008310       0x16 ./Middlewares/ST/STM32_USB_Device_Library/Core/Src/usbd_core.o
                0x0000000008008310                USBD_LL_DevConnected
 .text.USBD_LL_DevDisconnected
                0x0000000008008326       0x38 ./Middlewares/ST/STM32_USB_Device_Library/Core/Src/usbd_core.o
                0x0000000008008326                USBD_LL_DevDisconnected
 .text.SWAPBYTE
                0x000000000800835e       0x3c ./Middlewares/ST/STM32_USB_Device_Library/Core/Src/usbd_ctlreq.o
 *fill*         0x000000000800839a        0x2 
 .text.USBD_StdDevReq
                0x000000000800839c       0xdc ./Middlewares/ST/STM32_USB_Device_Library/Core/Src/usbd_ctlreq.o
                0x000000000800839c                USBD_StdDevReq
 .text.USBD_StdItfReq
                0x0000000008008478       0x90 ./Middlewares/ST/STM32_USB_Device_Library/Core/Src/usbd_ctlreq.o
                0x0000000008008478                USBD_StdItfReq
 .text.USBD_StdEPReq
                0x0000000008008508      0x2ba ./Middlewares/ST/STM32_USB_Device_Library/Core/Src/usbd_ctlreq.o
                0x0000000008008508                USBD_StdEPReq
 *fill*         0x00000000080087c2        0x2 
 .text.USBD_GetDescriptor
                0x00000000080087c4      0x328 ./Middlewares/ST/STM32_USB_Device_Library/Core/Src/usbd_ctlreq.o
 .text.USBD_SetAddress
                0x0000000008008aec       0x86 ./Middlewares/ST/STM32_USB_Device_Library/Core/Src/usbd_ctlreq.o
 *fill*         0x0000000008008b72        0x2 
 .text.USBD_SetConfig
                0x0000000008008b74      0x148 ./Middlewares/ST/STM32_USB_Device_Library/Core/Src/usbd_ctlreq.o
 .text.USBD_GetConfig
                0x0000000008008cbc       0x6a ./Middlewares/ST/STM32_USB_Device_Library/Core/Src/usbd_ctlreq.o
 .text.USBD_GetStatus
                0x0000000008008d26       0x66 ./Middlewares/ST/STM32_USB_Device_Library/Core/Src/usbd_ctlreq.o
 .text.USBD_SetFeature
                0x0000000008008d8c       0x28 ./Middlewares/ST/STM32_USB_Device_Library/Core/Src/usbd_ctlreq.o
 .text.USBD_ClrFeature
                0x0000000008008db4       0x42 ./Middlewares/ST/STM32_USB_Device_Library/Core/Src/usbd_ctlreq.o
 .text.USBD_ParseSetupRequest
                0x0000000008008df6       0x74 ./Middlewares/ST/STM32_USB_Device_Library/Core/Src/usbd_ctlreq.o
                0x0000000008008df6                USBD_ParseSetupRequest
 .text.USBD_CtlError
                0x0000000008008e6a       0x22 ./Middlewares/ST/STM32_USB_Device_Library/Core/Src/usbd_ctlreq.o
                0x0000000008008e6a                USBD_CtlError
 .text.USBD_GetString
                0x0000000008008e8c       0x8c ./Middlewares/ST/STM32_USB_Device_Library/Core/Src/usbd_ctlreq.o
                0x0000000008008e8c                USBD_GetString
 .text.USBD_GetLen
                0x0000000008008f18       0x34 ./Middlewares/ST/STM32_USB_Device_Library/Core/Src/usbd_ctlreq.o
 .text.USBD_CtlSendData
                0x0000000008008f4c       0x36 ./Middlewares/ST/STM32_USB_Device_Library/Core/Src/usbd_ioreq.o
                0x0000000008008f4c                USBD_CtlSendData
 .text.USBD_CtlContinueSendData
                0x0000000008008f82       0x22 ./Middlewares/ST/STM32_USB_Device_Library/Core/Src/usbd_ioreq.o
                0x0000000008008f82                USBD_CtlContinueSendData
 .text.USBD_CtlPrepareRx
                0x0000000008008fa4       0x3a ./Middlewares/ST/STM32_USB_Device_Library/Core/Src/usbd_ioreq.o
                0x0000000008008fa4                USBD_CtlPrepareRx
 .text.USBD_CtlContinueRx
                0x0000000008008fde       0x22 ./Middlewares/ST/STM32_USB_Device_Library/Core/Src/usbd_ioreq.o
                0x0000000008008fde                USBD_CtlContinueRx
 .text.USBD_CtlSendStatus
                0x0000000008009000       0x26 ./Middlewares/ST/STM32_USB_Device_Library/Core/Src/usbd_ioreq.o
                0x0000000008009000                USBD_CtlSendStatus
 .text.USBD_CtlReceiveStatus
                0x0000000008009026       0x26 ./Middlewares/ST/STM32_USB_Device_Library/Core/Src/usbd_ioreq.o
                0x0000000008009026                USBD_CtlReceiveStatus
 .text.MX_USB_DEVICE_Init
                0x000000000800904c       0x60 ./USB_DEVICE/App/usb_device.o
                0x000000000800904c                MX_USB_DEVICE_Init
 .text.CDC_Init_FS
                0x00000000080090ac       0x28 ./USB_DEVICE/App/usbd_cdc_if.o
 .text.CDC_DeInit_FS
                0x00000000080090d4       0x10 ./USB_DEVICE/App/usbd_cdc_if.o
 .text.CDC_Control_FS
                0x00000000080090e4       0xe4 ./USB_DEVICE/App/usbd_cdc_if.o
 .text.CDC_Receive_FS
                0x00000000080091c8       0x48 ./USB_DEVICE/App/usbd_cdc_if.o
 .text.CDC_TransmitCplt_FS
                0x0000000008009210       0x22 ./USB_DEVICE/App/usbd_cdc_if.o
 *fill*         0x0000000008009232        0x2 
 .text.USBD_FS_DeviceDescriptor
                0x0000000008009234       0x24 ./USB_DEVICE/App/usbd_desc.o
                0x0000000008009234                USBD_FS_DeviceDescriptor
 .text.USBD_FS_LangIDStrDescriptor
                0x0000000008009258       0x24 ./USB_DEVICE/App/usbd_desc.o
                0x0000000008009258                USBD_FS_LangIDStrDescriptor
 .text.USBD_FS_ProductStrDescriptor
                0x000000000800927c       0x3c ./USB_DEVICE/App/usbd_desc.o
                0x000000000800927c                USBD_FS_ProductStrDescriptor
 .text.USBD_FS_ManufacturerStrDescriptor
                0x00000000080092b8       0x28 ./USB_DEVICE/App/usbd_desc.o
                0x00000000080092b8                USBD_FS_ManufacturerStrDescriptor
 .text.USBD_FS_SerialStrDescriptor
                0x00000000080092e0       0x24 ./USB_DEVICE/App/usbd_desc.o
                0x00000000080092e0                USBD_FS_SerialStrDescriptor
 .text.USBD_FS_ConfigStrDescriptor
                0x0000000008009304       0x3c ./USB_DEVICE/App/usbd_desc.o
                0x0000000008009304                USBD_FS_ConfigStrDescriptor
 .text.USBD_FS_InterfaceStrDescriptor
                0x0000000008009340       0x3c ./USB_DEVICE/App/usbd_desc.o
                0x0000000008009340                USBD_FS_InterfaceStrDescriptor
 .text.USBD_FS_USR_BOSDescriptor
                0x000000000800937c       0x24 ./USB_DEVICE/App/usbd_desc.o
                0x000000000800937c                USBD_FS_USR_BOSDescriptor
 .text.Get_SerialNum
                0x00000000080093a0       0x58 ./USB_DEVICE/App/usbd_desc.o
 .text.IntToUnicode
                0x00000000080093f8       0x7e ./USB_DEVICE/App/usbd_desc.o
 *fill*         0x0000000008009476        0x2 
 .text.HAL_PCD_MspInit
                0x0000000008009478       0xac ./USB_DEVICE/Target/usbd_conf.o
                0x0000000008009478                HAL_PCD_MspInit
 .text.HAL_PCD_SetupStageCallback
                0x0000000008009524       0x24 ./USB_DEVICE/Target/usbd_conf.o
                0x0000000008009524                HAL_PCD_SetupStageCallback
 .text.HAL_PCD_DataOutStageCallback
                0x0000000008009548       0x36 ./USB_DEVICE/Target/usbd_conf.o
                0x0000000008009548                HAL_PCD_DataOutStageCallback
 .text.HAL_PCD_DataInStageCallback
                0x000000000800957e       0x34 ./USB_DEVICE/Target/usbd_conf.o
                0x000000000800957e                HAL_PCD_DataInStageCallback
 .text.HAL_PCD_SOFCallback
                0x00000000080095b2       0x1c ./USB_DEVICE/Target/usbd_conf.o
                0x00000000080095b2                HAL_PCD_SOFCallback
 .text.HAL_PCD_ResetCallback
                0x00000000080095ce       0x50 ./USB_DEVICE/Target/usbd_conf.o
                0x00000000080095ce                HAL_PCD_ResetCallback
 *fill*         0x000000000800961e        0x2 
 .text.HAL_PCD_SuspendCallback
                0x0000000008009620       0x4c ./USB_DEVICE/Target/usbd_conf.o
                0x0000000008009620                HAL_PCD_SuspendCallback
 .text.HAL_PCD_ResumeCallback
                0x000000000800966c       0x1c ./USB_DEVICE/Target/usbd_conf.o
                0x000000000800966c                HAL_PCD_ResumeCallback
 .text.HAL_PCD_ISOOUTIncompleteCallback
                0x0000000008009688       0x24 ./USB_DEVICE/Target/usbd_conf.o
                0x0000000008009688                HAL_PCD_ISOOUTIncompleteCallback
 .text.HAL_PCD_ISOINIncompleteCallback
                0x00000000080096ac       0x24 ./USB_DEVICE/Target/usbd_conf.o
                0x00000000080096ac                HAL_PCD_ISOINIncompleteCallback
 .text.HAL_PCD_ConnectCallback
                0x00000000080096d0       0x1c ./USB_DEVICE/Target/usbd_conf.o
                0x00000000080096d0                HAL_PCD_ConnectCallback
 .text.HAL_PCD_DisconnectCallback
                0x00000000080096ec       0x1c ./USB_DEVICE/Target/usbd_conf.o
                0x00000000080096ec                HAL_PCD_DisconnectCallback
 .text.USBD_LL_Init
                0x0000000008009708       0x98 ./USB_DEVICE/Target/usbd_conf.o
                0x0000000008009708                USBD_LL_Init
 .text.USBD_LL_Start
                0x00000000080097a0       0x36 ./USB_DEVICE/Target/usbd_conf.o
                0x00000000080097a0                USBD_LL_Start
 .text.USBD_LL_OpenEP
                0x00000000080097d6       0x4c ./USB_DEVICE/Target/usbd_conf.o
                0x00000000080097d6                USBD_LL_OpenEP
 .text.USBD_LL_CloseEP
                0x0000000008009822       0x3e ./USB_DEVICE/Target/usbd_conf.o
                0x0000000008009822                USBD_LL_CloseEP
 .text.USBD_LL_StallEP
                0x0000000008009860       0x3e ./USB_DEVICE/Target/usbd_conf.o
                0x0000000008009860                USBD_LL_StallEP
 .text.USBD_LL_ClearStallEP
                0x000000000800989e       0x3e ./USB_DEVICE/Target/usbd_conf.o
                0x000000000800989e                USBD_LL_ClearStallEP
 .text.USBD_LL_IsStallEP
                0x00000000080098dc       0x58 ./USB_DEVICE/Target/usbd_conf.o
                0x00000000080098dc                USBD_LL_IsStallEP
 .text.USBD_LL_SetUSBAddress
                0x0000000008009934       0x3e ./USB_DEVICE/Target/usbd_conf.o
                0x0000000008009934                USBD_LL_SetUSBAddress
 .text.USBD_LL_Transmit
                0x0000000008009972       0x42 ./USB_DEVICE/Target/usbd_conf.o
                0x0000000008009972                USBD_LL_Transmit
 .text.USBD_LL_PrepareReceive
                0x00000000080099b4       0x42 ./USB_DEVICE/Target/usbd_conf.o
                0x00000000080099b4                USBD_LL_PrepareReceive
 .text.USBD_LL_GetRxDataSize
                0x00000000080099f6       0x26 ./USB_DEVICE/Target/usbd_conf.o
                0x00000000080099f6                USBD_LL_GetRxDataSize
 .text.HAL_PCDEx_LPM_Callback
                0x0000000008009a1c       0x9c ./USB_DEVICE/Target/usbd_conf.o
                0x0000000008009a1c                HAL_PCDEx_LPM_Callback
 .text.SystemClockConfig_Resume
                0x0000000008009ab8        0xc ./USB_DEVICE/Target/usbd_conf.o
 .text.USBD_Get_USB_Status
                0x0000000008009ac4       0x58 ./USB_DEVICE/Target/usbd_conf.o
                0x0000000008009ac4                USBD_Get_USB_Status
 .text.app_tick_1ms
                0x0000000008009b1c       0x1c ./app/app.o
                0x0000000008009b1c                app_tick_1ms
 .text.app_switch_interrupt
                0x0000000008009b38       0x58 ./app/app.o
                0x0000000008009b38                app_switch_interrupt
 .text.app_leitura_matriz_FFC5
                0x0000000008009b90       0x9a ./app/app.o
                0x0000000008009b90                app_leitura_matriz_FFC5
 *fill*         0x0000000008009c2a        0x2 
 .text.app_output_ode_data
                0x0000000008009c2c       0x40 ./app/app.o
                0x0000000008009c2c                app_output_ode_data
 .text.bebionic_process_commands
                0x0000000008009c6c       0xe0 ./app/bebionic.o
                0x0000000008009c6c                bebionic_process_commands
 .text.bebionic_th_open_hand
                0x0000000008009d4c       0x70 ./app/bebionic.o
                0x0000000008009d4c                bebionic_th_open_hand
 .text.bebionic_th_close_hand
                0x0000000008009dbc       0x70 ./app/bebionic.o
                0x0000000008009dbc                bebionic_th_close_hand
 .text.hw_Select_ch1
                0x0000000008009e2c       0x30 ./app/hw.o
                0x0000000008009e2c                hw_Select_ch1
 .text.hw_Select_ch2
                0x0000000008009e5c       0x30 ./app/hw.o
                0x0000000008009e5c                hw_Select_ch2
 .text.hw_Select_ch3
                0x0000000008009e8c       0x30 ./app/hw.o
                0x0000000008009e8c                hw_Select_ch3
 .text.hw_Select_ch4
                0x0000000008009ebc       0x30 ./app/hw.o
                0x0000000008009ebc                hw_Select_ch4
 .text.hw_adc_read_single
                0x0000000008009eec       0xd4 ./app/hw.o
                0x0000000008009eec                hw_adc_read_single
 .text.hw_tick_ms_get
                0x0000000008009fc0        0xe ./app/hw.o
                0x0000000008009fc0                hw_tick_ms_get
 .text.HAL_GPIO_EXTI_Callback
                0x0000000008009fce       0x1e ./app/hw.o
                0x0000000008009fce                HAL_GPIO_EXTI_Callback
 .text.HAL_TIM_PeriodElapsedCallback
                0x0000000008009fec       0x20 ./app/hw.o
                0x0000000008009fec                HAL_TIM_PeriodElapsedCallback
 .text.hw_set_pins_row_FFC5
                0x000000000800a00c       0x22 ./app/hw.o
                0x000000000800a00c                hw_set_pins_row_FFC5
 *fill*         0x000000000800a02e        0x2 
 .text.hw_get_pins_col_FFC5
                0x000000000800a030       0xa0 ./app/hw.o
                0x000000000800a030                hw_get_pins_col_FFC5
 .text.ode1_step
                0x000000000800a0d0       0xa8 ./app/odesolver.o
                0x000000000800a0d0                ode1_step
 .text.izhikevich_step
                0x000000000800a178       0xe4 ./app/odesolver.o
                0x000000000800a178                izhikevich_step
 .text.process_neuron_step
                0x000000000800a25c       0x64 ./app/odesolver.o
                0x000000000800a25c                process_neuron_step
 .text.process_neuron_set_step
                0x000000000800a2c0       0x78 ./app/odesolver.o
                0x000000000800a2c0                process_neuron_set_step
 .text.__errno  0x000000000800a338        0xc c:/st/stm32cubeide_1.5.0/stm32cubeide/plugins/com.st.stm32cube.ide.mcu.externaltools.gnu-tools-for-stm32.9-2020-q2-update.win32_2.0.0.202105311346/tools/bin/../lib/gcc/arm-none-eabi/9.3.1/../../../../arm-none-eabi/lib/thumb/v7e-m+dp/hard\libc_nano.a(lib_a-errno.o)
                0x000000000800a338                __errno
 .text.__libc_init_array
                0x000000000800a344       0x48 c:/st/stm32cubeide_1.5.0/stm32cubeide/plugins/com.st.stm32cube.ide.mcu.externaltools.gnu-tools-for-stm32.9-2020-q2-update.win32_2.0.0.202105311346/tools/bin/../lib/gcc/arm-none-eabi/9.3.1/../../../../arm-none-eabi/lib/thumb/v7e-m+dp/hard\libc_nano.a(lib_a-init.o)
                0x000000000800a344                __libc_init_array
 .text.malloc   0x000000000800a38c       0x10 c:/st/stm32cubeide_1.5.0/stm32cubeide/plugins/com.st.stm32cube.ide.mcu.externaltools.gnu-tools-for-stm32.9-2020-q2-update.win32_2.0.0.202105311346/tools/bin/../lib/gcc/arm-none-eabi/9.3.1/../../../../arm-none-eabi/lib/thumb/v7e-m+dp/hard\libc_nano.a(lib_a-malloc.o)
                0x000000000800a38c                malloc
 .text.free     0x000000000800a39c       0x10 c:/st/stm32cubeide_1.5.0/stm32cubeide/plugins/com.st.stm32cube.ide.mcu.externaltools.gnu-tools-for-stm32.9-2020-q2-update.win32_2.0.0.202105311346/tools/bin/../lib/gcc/arm-none-eabi/9.3.1/../../../../arm-none-eabi/lib/thumb/v7e-m+dp/hard\libc_nano.a(lib_a-malloc.o)
                0x000000000800a39c                free
 .text.memset   0x000000000800a3ac       0x10 c:/st/stm32cubeide_1.5.0/stm32cubeide/plugins/com.st.stm32cube.ide.mcu.externaltools.gnu-tools-for-stm32.9-2020-q2-update.win32_2.0.0.202105311346/tools/bin/../lib/gcc/arm-none-eabi/9.3.1/../../../../arm-none-eabi/lib/thumb/v7e-m+dp/hard\libc_nano.a(lib_a-memset.o)
                0x000000000800a3ac                memset
 .text._free_r  0x000000000800a3bc       0xa0 c:/st/stm32cubeide_1.5.0/stm32cubeide/plugins/com.st.stm32cube.ide.mcu.externaltools.gnu-tools-for-stm32.9-2020-q2-update.win32_2.0.0.202105311346/tools/bin/../lib/gcc/arm-none-eabi/9.3.1/../../../../arm-none-eabi/lib/thumb/v7e-m+dp/hard\libc_nano.a(lib_a-nano-freer.o)
                0x000000000800a3bc                _free_r
 .text._malloc_r
                0x000000000800a45c       0xb4 c:/st/stm32cubeide_1.5.0/stm32cubeide/plugins/com.st.stm32cube.ide.mcu.externaltools.gnu-tools-for-stm32.9-2020-q2-update.win32_2.0.0.202105311346/tools/bin/../lib/gcc/arm-none-eabi/9.3.1/../../../../arm-none-eabi/lib/thumb/v7e-m+dp/hard\libc_nano.a(lib_a-nano-mallocr.o)
                0x000000000800a45c                _malloc_r
 .text._sbrk_r  0x000000000800a510       0x20 c:/st/stm32cubeide_1.5.0/stm32cubeide/plugins/com.st.stm32cube.ide.mcu.externaltools.gnu-tools-for-stm32.9-2020-q2-update.win32_2.0.0.202105311346/tools/bin/../lib/gcc/arm-none-eabi/9.3.1/../../../../arm-none-eabi/lib/thumb/v7e-m+dp/hard\libc_nano.a(lib_a-sbrkr.o)
                0x000000000800a510                _sbrk_r
 .text.__malloc_lock
                0x000000000800a530        0xc c:/st/stm32cubeide_1.5.0/stm32cubeide/plugins/com.st.stm32cube.ide.mcu.externaltools.gnu-tools-for-stm32.9-2020-q2-update.win32_2.0.0.202105311346/tools/bin/../lib/gcc/arm-none-eabi/9.3.1/../../../../arm-none-eabi/lib/thumb/v7e-m+dp/hard\libc_nano.a(lib_a-mlock.o)
                0x000000000800a530                __malloc_lock
 .text.__malloc_unlock
                0x000000000800a53c        0xc c:/st/stm32cubeide_1.5.0/stm32cubeide/plugins/com.st.stm32cube.ide.mcu.externaltools.gnu-tools-for-stm32.9-2020-q2-update.win32_2.0.0.202105311346/tools/bin/../lib/gcc/arm-none-eabi/9.3.1/../../../../arm-none-eabi/lib/thumb/v7e-m+dp/hard\libc_nano.a(lib_a-mlock.o)
                0x000000000800a53c                __malloc_unlock
 .text.__retarget_lock_acquire_recursive
                0x000000000800a548        0x2 c:/st/stm32cubeide_1.5.0/stm32cubeide/plugins/com.st.stm32cube.ide.mcu.externaltools.gnu-tools-for-stm32.9-2020-q2-update.win32_2.0.0.202105311346/tools/bin/../lib/gcc/arm-none-eabi/9.3.1/../../../../arm-none-eabi/lib/thumb/v7e-m+dp/hard\libc_nano.a(lib_a-lock.o)
                0x000000000800a548                __retarget_lock_acquire_recursive
 .text.__retarget_lock_release_recursive
                0x000000000800a54a        0x2 c:/st/stm32cubeide_1.5.0/stm32cubeide/plugins/com.st.stm32cube.ide.mcu.externaltools.gnu-tools-for-stm32.9-2020-q2-update.win32_2.0.0.202105311346/tools/bin/../lib/gcc/arm-none-eabi/9.3.1/../../../../arm-none-eabi/lib/thumb/v7e-m+dp/hard\libc_nano.a(lib_a-lock.o)
                0x000000000800a54a                __retarget_lock_release_recursive
 *(.glue_7)
 .glue_7        0x000000000800a54c        0x0 linker stubs
 *(.glue_7t)
 .glue_7t       0x000000000800a54c        0x0 linker stubs
 *(.eh_frame)
 .eh_frame      0x000000000800a54c        0x0 c:/st/stm32cubeide_1.5.0/stm32cubeide/plugins/com.st.stm32cube.ide.mcu.externaltools.gnu-tools-for-stm32.9-2020-q2-update.win32_2.0.0.202105311346/tools/bin/../lib/gcc/arm-none-eabi/9.3.1/thumb/v7e-m+dp/hard/crtbegin.o
 *(.init)
 .init          0x000000000800a54c        0x4 c:/st/stm32cubeide_1.5.0/stm32cubeide/plugins/com.st.stm32cube.ide.mcu.externaltools.gnu-tools-for-stm32.9-2020-q2-update.win32_2.0.0.202105311346/tools/bin/../lib/gcc/arm-none-eabi/9.3.1/thumb/v7e-m+dp/hard/crti.o
                0x000000000800a54c                _init
 .init          0x000000000800a550        0x8 c:/st/stm32cubeide_1.5.0/stm32cubeide/plugins/com.st.stm32cube.ide.mcu.externaltools.gnu-tools-for-stm32.9-2020-q2-update.win32_2.0.0.202105311346/tools/bin/../lib/gcc/arm-none-eabi/9.3.1/thumb/v7e-m+dp/hard/crtn.o
 *(.fini)
 .fini          0x000000000800a558        0x4 c:/st/stm32cubeide_1.5.0/stm32cubeide/plugins/com.st.stm32cube.ide.mcu.externaltools.gnu-tools-for-stm32.9-2020-q2-update.win32_2.0.0.202105311346/tools/bin/../lib/gcc/arm-none-eabi/9.3.1/thumb/v7e-m+dp/hard/crti.o
                0x000000000800a558                _fini
 .fini          0x000000000800a55c        0x8 c:/st/stm32cubeide_1.5.0/stm32cubeide/plugins/com.st.stm32cube.ide.mcu.externaltools.gnu-tools-for-stm32.9-2020-q2-update.win32_2.0.0.202105311346/tools/bin/../lib/gcc/arm-none-eabi/9.3.1/thumb/v7e-m+dp/hard/crtn.o
                0x000000000800a564                . = ALIGN (0x4)
                0x000000000800a564                _etext = .

.vfp11_veneer   0x000000000800a564        0x0
 .vfp11_veneer  0x000000000800a564        0x0 linker stubs

.v4_bx          0x000000000800a564        0x0
 .v4_bx         0x000000000800a564        0x0 linker stubs

.iplt           0x000000000800a564        0x0
 .iplt          0x000000000800a564        0x0 c:/st/stm32cubeide_1.5.0/stm32cubeide/plugins/com.st.stm32cube.ide.mcu.externaltools.gnu-tools-for-stm32.9-2020-q2-update.win32_2.0.0.202105311346/tools/bin/../lib/gcc/arm-none-eabi/9.3.1/thumb/v7e-m+dp/hard/crtbegin.o

.rodata         0x000000000800a564       0x60
                0x000000000800a564                . = ALIGN (0x4)
 *(.rodata)
 .rodata        0x000000000800a564       0x46 ./USB_DEVICE/App/usbd_desc.o
 *(.rodata*)
 *fill*         0x000000000800a5aa        0x2 
 .rodata.AHBPrescTable
                0x000000000800a5ac       0x10 ./Core/Src/system_stm32f7xx.o
                0x000000000800a5ac                AHBPrescTable
 .rodata.APBPrescTable
                0x000000000800a5bc        0x8 ./Core/Src/system_stm32f7xx.o
                0x000000000800a5bc                APBPrescTable
                0x000000000800a5c4                . = ALIGN (0x4)

.ARM.extab      0x000000000800a5c4        0x0
                0x000000000800a5c4                . = ALIGN (0x4)
 *(.ARM.extab* .gnu.linkonce.armextab.*)
                0x000000000800a5c4                . = ALIGN (0x4)

.ARM            0x000000000800a5c4        0x8
                0x000000000800a5c4                . = ALIGN (0x4)
                0x000000000800a5c4                __exidx_start = .
 *(.ARM.exidx*)
 .ARM.exidx     0x000000000800a5c4        0x8 c:/st/stm32cubeide_1.5.0/stm32cubeide/plugins/com.st.stm32cube.ide.mcu.externaltools.gnu-tools-for-stm32.9-2020-q2-update.win32_2.0.0.202105311346/tools/bin/../lib/gcc/arm-none-eabi/9.3.1/thumb/v7e-m+dp/hard\libgcc.a(_udivmoddi4.o)
                0x000000000800a5cc                __exidx_end = .
                0x000000000800a5cc                . = ALIGN (0x4)

.rel.dyn        0x000000000800a5cc        0x0
 .rel.iplt      0x000000000800a5cc        0x0 c:/st/stm32cubeide_1.5.0/stm32cubeide/plugins/com.st.stm32cube.ide.mcu.externaltools.gnu-tools-for-stm32.9-2020-q2-update.win32_2.0.0.202105311346/tools/bin/../lib/gcc/arm-none-eabi/9.3.1/thumb/v7e-m+dp/hard/crtbegin.o

.preinit_array  0x000000000800a5cc        0x0
                0x000000000800a5cc                . = ALIGN (0x4)
                0x000000000800a5cc                PROVIDE (__preinit_array_start = .)
 *(.preinit_array*)
                0x000000000800a5cc                PROVIDE (__preinit_array_end = .)
                0x000000000800a5cc                . = ALIGN (0x4)

.init_array     0x000000000800a5cc        0x4
                0x000000000800a5cc                . = ALIGN (0x4)
                0x000000000800a5cc                PROVIDE (__init_array_start = .)
 *(SORT_BY_NAME(.init_array.*))
 *(.init_array*)
 .init_array    0x000000000800a5cc        0x4 c:/st/stm32cubeide_1.5.0/stm32cubeide/plugins/com.st.stm32cube.ide.mcu.externaltools.gnu-tools-for-stm32.9-2020-q2-update.win32_2.0.0.202105311346/tools/bin/../lib/gcc/arm-none-eabi/9.3.1/thumb/v7e-m+dp/hard/crtbegin.o
                0x000000000800a5d0                PROVIDE (__init_array_end = .)
                0x000000000800a5d0                . = ALIGN (0x4)

.fini_array     0x000000000800a5d0        0x4
                0x000000000800a5d0                . = ALIGN (0x4)
                [!provide]                        PROVIDE (__fini_array_start = .)
 *(SORT_BY_NAME(.fini_array.*))
 *(.fini_array*)
 .fini_array    0x000000000800a5d0        0x4 c:/st/stm32cubeide_1.5.0/stm32cubeide/plugins/com.st.stm32cube.ide.mcu.externaltools.gnu-tools-for-stm32.9-2020-q2-update.win32_2.0.0.202105311346/tools/bin/../lib/gcc/arm-none-eabi/9.3.1/thumb/v7e-m+dp/hard/crtbegin.o
                [!provide]                        PROVIDE (__fini_array_end = .)
                0x000000000800a5d4                . = ALIGN (0x4)
                0x000000000800a5d4                _sidata = LOADADDR (.data)

.data           0x0000000020000000      0x200 load address 0x000000000800a5d4
                0x0000000020000000                . = ALIGN (0x4)
                0x0000000020000000                _sdata = .
 *(.data)
 *(.data*)
 .data.SystemCoreClock
                0x0000000020000000        0x4 ./Core/Src/system_stm32f7xx.o
                0x0000000020000000                SystemCoreClock
 .data.uwTickPrio
                0x0000000020000004        0x4 ./Drivers/STM32F7xx_HAL_Driver/Src/stm32f7xx_hal.o
                0x0000000020000004                uwTickPrio
 .data.uwTickFreq
                0x0000000020000008        0x1 ./Drivers/STM32F7xx_HAL_Driver/Src/stm32f7xx_hal.o
                0x0000000020000008                uwTickFreq
 *fill*         0x0000000020000009        0x3 
 .data.USBD_CDC_DeviceQualifierDesc
                0x000000002000000c        0xa ./Middlewares/ST/STM32_USB_Device_Library/Class/CDC/Src/usbd_cdc.o
 *fill*         0x0000000020000016        0x2 
 .data.USBD_CDC
                0x0000000020000018       0x38 ./Middlewares/ST/STM32_USB_Device_Library/Class/CDC/Src/usbd_cdc.o
                0x0000000020000018                USBD_CDC
 .data.USBD_CDC_CfgHSDesc
                0x0000000020000050       0x43 ./Middlewares/ST/STM32_USB_Device_Library/Class/CDC/Src/usbd_cdc.o
 *fill*         0x0000000020000093        0x1 
 .data.USBD_CDC_CfgFSDesc
                0x0000000020000094       0x43 ./Middlewares/ST/STM32_USB_Device_Library/Class/CDC/Src/usbd_cdc.o
 *fill*         0x00000000200000d7        0x1 
 .data.USBD_CDC_OtherSpeedCfgDesc
                0x00000000200000d8       0x43 ./Middlewares/ST/STM32_USB_Device_Library/Class/CDC/Src/usbd_cdc.o
 *fill*         0x000000002000011b        0x1 
 .data.line_code
                0x000000002000011c        0x7 ./USB_DEVICE/App/usbd_cdc_if.o
                0x000000002000011c                line_code
 *fill*         0x0000000020000123        0x1 
 .data.USBD_Interface_fops_FS
                0x0000000020000124       0x14 ./USB_DEVICE/App/usbd_cdc_if.o
                0x0000000020000124                USBD_Interface_fops_FS
 .data.FS_Desc  0x0000000020000138       0x20 ./USB_DEVICE/App/usbd_desc.o
                0x0000000020000138                FS_Desc
 .data.USBD_FS_DeviceDesc
                0x0000000020000158       0x12 ./USB_DEVICE/App/usbd_desc.o
                0x0000000020000158                USBD_FS_DeviceDesc
 *fill*         0x000000002000016a        0x2 
 .data.USBD_FS_BOSDesc
                0x000000002000016c        0xc ./USB_DEVICE/App/usbd_desc.o
                0x000000002000016c                USBD_FS_BOSDesc
 .data.USBD_LangIDDesc
                0x0000000020000178        0x4 ./USB_DEVICE/App/usbd_desc.o
                0x0000000020000178                USBD_LangIDDesc
 .data.USBD_StringSerial
                0x000000002000017c       0x1a ./USB_DEVICE/App/usbd_desc.o
                0x000000002000017c                USBD_StringSerial
 *fill*         0x0000000020000196        0x2 
 .data.led_time_ms
                0x0000000020000198        0x4 ./app/app.o
                0x0000000020000198                led_time_ms
 .data._impure_ptr
                0x000000002000019c        0x4 c:/st/stm32cubeide_1.5.0/stm32cubeide/plugins/com.st.stm32cube.ide.mcu.externaltools.gnu-tools-for-stm32.9-2020-q2-update.win32_2.0.0.202105311346/tools/bin/../lib/gcc/arm-none-eabi/9.3.1/../../../../arm-none-eabi/lib/thumb/v7e-m+dp/hard\libc_nano.a(lib_a-impure.o)
                0x000000002000019c                _impure_ptr
 .data.impure_data
                0x00000000200001a0       0x60 c:/st/stm32cubeide_1.5.0/stm32cubeide/plugins/com.st.stm32cube.ide.mcu.externaltools.gnu-tools-for-stm32.9-2020-q2-update.win32_2.0.0.202105311346/tools/bin/../lib/gcc/arm-none-eabi/9.3.1/../../../../arm-none-eabi/lib/thumb/v7e-m+dp/hard\libc_nano.a(lib_a-impure.o)
 *(.RamFunc)
 *(.RamFunc*)
                0x0000000020000200                . = ALIGN (0x4)
                0x0000000020000200                _edata = .

.igot.plt       0x0000000020000200        0x0 load address 0x000000000800a7d4
 .igot.plt      0x0000000020000200        0x0 c:/st/stm32cubeide_1.5.0/stm32cubeide/plugins/com.st.stm32cube.ide.mcu.externaltools.gnu-tools-for-stm32.9-2020-q2-update.win32_2.0.0.202105311346/tools/bin/../lib/gcc/arm-none-eabi/9.3.1/thumb/v7e-m+dp/hard/crtbegin.o
                0x0000000020000200                . = ALIGN (0x4)

.bss            0x0000000020000200     0x1378 load address 0x000000000800a7d4
                0x0000000020000200                _sbss = .
                0x0000000020000200                __bss_start__ = _sbss
 *(.bss)
 .bss           0x0000000020000200       0x1c c:/st/stm32cubeide_1.5.0/stm32cubeide/plugins/com.st.stm32cube.ide.mcu.externaltools.gnu-tools-for-stm32.9-2020-q2-update.win32_2.0.0.202105311346/tools/bin/../lib/gcc/arm-none-eabi/9.3.1/thumb/v7e-m+dp/hard/crtbegin.o
 *(.bss*)
 .bss.__sbrk_heap_end
                0x000000002000021c        0x4 ./Core/Src/sysmem.o
 .bss.cfgidx.11557
                0x0000000020000220        0x1 ./Middlewares/ST/STM32_USB_Device_Library/Core/Src/usbd_ctlreq.o
 .bss.app_started
                0x0000000020000221        0x1 ./app/app.o
                0x0000000020000221                app_started
 *fill*         0x0000000020000222        0x2 
 .bss.deboucing_time_ms.11198
                0x0000000020000224        0x4 ./app/app.o
 .bss.timer_counter
                0x0000000020000228        0x2 ./app/bebionic.o
                0x0000000020000228                timer_counter
 .bss.BEBIONIC_cmd_running
                0x000000002000022a        0x1 ./app/bebionic.o
                0x000000002000022a                BEBIONIC_cmd_running
 *fill*         0x000000002000022b        0x1 
 .bss.sConfig   0x000000002000022c       0x10 ./app/hw.o
                0x000000002000022c                sConfig
 .bss.__malloc_free_list
                0x000000002000023c        0x4 c:/st/stm32cubeide_1.5.0/stm32cubeide/plugins/com.st.stm32cube.ide.mcu.externaltools.gnu-tools-for-stm32.9-2020-q2-update.win32_2.0.0.202105311346/tools/bin/../lib/gcc/arm-none-eabi/9.3.1/../../../../arm-none-eabi/lib/thumb/v7e-m+dp/hard\libc_nano.a(lib_a-nano-mallocr.o)
                0x000000002000023c                __malloc_free_list
 .bss.__malloc_sbrk_start
                0x0000000020000240        0x4 c:/st/stm32cubeide_1.5.0/stm32cubeide/plugins/com.st.stm32cube.ide.mcu.externaltools.gnu-tools-for-stm32.9-2020-q2-update.win32_2.0.0.202105311346/tools/bin/../lib/gcc/arm-none-eabi/9.3.1/../../../../arm-none-eabi/lib/thumb/v7e-m+dp/hard\libc_nano.a(lib_a-nano-mallocr.o)
                0x0000000020000240                __malloc_sbrk_start
 *(COMMON)
 COMMON         0x0000000020000244      0x179 ./Core/Src/main.o
                0x0000000020000244                BEBIONIC_STATE
                0x0000000020000248                huart3
                0x00000000200002cc                usb_send_buffer
                0x00000000200002d4                usb_rcv_buffer
                0x00000000200002dc                hadc1
                0x0000000020000324                htim1
                0x0000000020000370                htim2
                0x00000000200003bc                usb_command_received
 *fill*         0x00000000200003bd        0x3 
 COMMON         0x00000000200003c0        0x4 ./Drivers/STM32F7xx_HAL_Driver/Src/stm32f7xx_hal.o
                0x00000000200003c0                uwTick
 COMMON         0x00000000200003c4      0x2d0 ./USB_DEVICE/App/usb_device.o
                0x00000000200003c4                hUsbDeviceFS
 COMMON         0x0000000020000694      0x7d0 ./USB_DEVICE/App/usbd_cdc_if.o
                0x0000000020000694                UserRxBufferFS
                0x0000000020000a7c                UserTxBufferFS
 COMMON         0x0000000020000e64      0x200 ./USB_DEVICE/App/usbd_desc.o
                0x0000000020000e64                USBD_StrDesc
 COMMON         0x0000000020001064      0x404 ./USB_DEVICE/Target/usbd_conf.o
                0x0000000020001064                hpcd_USB_OTG_FS
 COMMON         0x0000000020001468      0x100 ./app/app.o
                0x0000000020001468                weights
                0x00000000200014a8                izhikevich_neurons
                0x00000000200014e8                input_currents
                0x0000000020001528                alpha_neurons
 COMMON         0x0000000020001568        0x4 c:/st/stm32cubeide_1.5.0/stm32cubeide/plugins/com.st.stm32cube.ide.mcu.externaltools.gnu-tools-for-stm32.9-2020-q2-update.win32_2.0.0.202105311346/tools/bin/../lib/gcc/arm-none-eabi/9.3.1/../../../../arm-none-eabi/lib/thumb/v7e-m+dp/hard\libc_nano.a(lib_a-reent.o)
                0x0000000020001568                errno
 COMMON         0x000000002000156c        0x9 c:/st/stm32cubeide_1.5.0/stm32cubeide/plugins/com.st.stm32cube.ide.mcu.externaltools.gnu-tools-for-stm32.9-2020-q2-update.win32_2.0.0.202105311346/tools/bin/../lib/gcc/arm-none-eabi/9.3.1/../../../../arm-none-eabi/lib/thumb/v7e-m+dp/hard\libc_nano.a(lib_a-lock.o)
                0x000000002000156c                __lock___atexit_recursive_mutex
                0x000000002000156d                __lock___arc4random_mutex
                0x000000002000156e                __lock___env_recursive_mutex
                0x000000002000156f                __lock___sinit_recursive_mutex
                0x0000000020001570                __lock___malloc_recursive_mutex
                0x0000000020001571                __lock___at_quick_exit_mutex
                0x0000000020001572                __lock___dd_hash_mutex
                0x0000000020001573                __lock___tz_mutex
                0x0000000020001574                __lock___sfp_recursive_mutex
                0x0000000020001578                . = ALIGN (0x4)
 *fill*         0x0000000020001575        0x3 
                0x0000000020001578                _ebss = .
                0x0000000020001578                __bss_end__ = _ebss

._user_heap_stack
                0x0000000020001578      0x600 load address 0x000000000800a7d4
                0x0000000020001578                . = ALIGN (0x8)
                [!provide]                        PROVIDE (end = .)
                0x0000000020001578                PROVIDE (_end = .)
                0x0000000020001778                . = (. + _Min_Heap_Size)
 *fill*         0x0000000020001578      0x200 
                0x0000000020001b78                . = (. + _Min_Stack_Size)
 *fill*         0x0000000020001778      0x400 
                0x0000000020001b78                . = ALIGN (0x8)

/DISCARD/
 libc.a(*)
 libm.a(*)
 libgcc.a(*)

.ARM.attributes
                0x0000000000000000       0x2e
 *(.ARM.attributes)
 .ARM.attributes
                0x0000000000000000       0x1e c:/st/stm32cubeide_1.5.0/stm32cubeide/plugins/com.st.stm32cube.ide.mcu.externaltools.gnu-tools-for-stm32.9-2020-q2-update.win32_2.0.0.202105311346/tools/bin/../lib/gcc/arm-none-eabi/9.3.1/thumb/v7e-m+dp/hard/crti.o
 .ARM.attributes
                0x000000000000001e       0x32 c:/st/stm32cubeide_1.5.0/stm32cubeide/plugins/com.st.stm32cube.ide.mcu.externaltools.gnu-tools-for-stm32.9-2020-q2-update.win32_2.0.0.202105311346/tools/bin/../lib/gcc/arm-none-eabi/9.3.1/thumb/v7e-m+dp/hard/crtbegin.o
 .ARM.attributes
                0x0000000000000050       0x32 ./Core/Src/main.o
 .ARM.attributes
                0x0000000000000082       0x32 ./Core/Src/stm32f7xx_hal_msp.o
 .ARM.attributes
                0x00000000000000b4       0x32 ./Core/Src/stm32f7xx_it.o
 .ARM.attributes
                0x00000000000000e6       0x32 ./Core/Src/sysmem.o
 .ARM.attributes
                0x0000000000000118       0x32 ./Core/Src/system_stm32f7xx.o
 .ARM.attributes
                0x000000000000014a       0x21 ./Core/Startup/startup_stm32f767zitx.o
 .ARM.attributes
                0x000000000000016b       0x32 ./Drivers/STM32F7xx_HAL_Driver/Src/stm32f7xx_hal.o
 .ARM.attributes
                0x000000000000019d       0x32 ./Drivers/STM32F7xx_HAL_Driver/Src/stm32f7xx_hal_adc.o
 .ARM.attributes
                0x00000000000001cf       0x32 ./Drivers/STM32F7xx_HAL_Driver/Src/stm32f7xx_hal_cortex.o
 .ARM.attributes
                0x0000000000000201       0x32 ./Drivers/STM32F7xx_HAL_Driver/Src/stm32f7xx_hal_dma.o
 .ARM.attributes
                0x0000000000000233       0x32 ./Drivers/STM32F7xx_HAL_Driver/Src/stm32f7xx_hal_gpio.o
 .ARM.attributes
                0x0000000000000265       0x32 ./Drivers/STM32F7xx_HAL_Driver/Src/stm32f7xx_hal_pcd.o
 .ARM.attributes
                0x0000000000000297       0x32 ./Drivers/STM32F7xx_HAL_Driver/Src/stm32f7xx_hal_pcd_ex.o
 .ARM.attributes
                0x00000000000002c9       0x32 ./Drivers/STM32F7xx_HAL_Driver/Src/stm32f7xx_hal_pwr.o
 .ARM.attributes
                0x00000000000002fb       0x32 ./Drivers/STM32F7xx_HAL_Driver/Src/stm32f7xx_hal_pwr_ex.o
 .ARM.attributes
                0x000000000000032d       0x32 ./Drivers/STM32F7xx_HAL_Driver/Src/stm32f7xx_hal_rcc.o
 .ARM.attributes
                0x000000000000035f       0x32 ./Drivers/STM32F7xx_HAL_Driver/Src/stm32f7xx_hal_rcc_ex.o
 .ARM.attributes
                0x0000000000000391       0x32 ./Drivers/STM32F7xx_HAL_Driver/Src/stm32f7xx_hal_tim.o
 .ARM.attributes
                0x00000000000003c3       0x32 ./Drivers/STM32F7xx_HAL_Driver/Src/stm32f7xx_hal_tim_ex.o
 .ARM.attributes
                0x00000000000003f5       0x32 ./Drivers/STM32F7xx_HAL_Driver/Src/stm32f7xx_hal_uart.o
 .ARM.attributes
                0x0000000000000427       0x32 ./Drivers/STM32F7xx_HAL_Driver/Src/stm32f7xx_ll_usb.o
 .ARM.attributes
                0x0000000000000459       0x32 ./Middlewares/ST/STM32_USB_Device_Library/Class/CDC/Src/usbd_cdc.o
 .ARM.attributes
                0x000000000000048b       0x32 ./Middlewares/ST/STM32_USB_Device_Library/Core/Src/usbd_core.o
 .ARM.attributes
                0x00000000000004bd       0x32 ./Middlewares/ST/STM32_USB_Device_Library/Core/Src/usbd_ctlreq.o
 .ARM.attributes
                0x00000000000004ef       0x32 ./Middlewares/ST/STM32_USB_Device_Library/Core/Src/usbd_ioreq.o
 .ARM.attributes
                0x0000000000000521       0x32 ./USB_DEVICE/App/usb_device.o
 .ARM.attributes
                0x0000000000000553       0x32 ./USB_DEVICE/App/usbd_cdc_if.o
 .ARM.attributes
                0x0000000000000585       0x32 ./USB_DEVICE/App/usbd_desc.o
 .ARM.attributes
                0x00000000000005b7       0x32 ./USB_DEVICE/Target/usbd_conf.o
 .ARM.attributes
                0x00000000000005e9       0x32 ./app/app.o
 .ARM.attributes
                0x000000000000061b       0x32 ./app/bebionic.o
 .ARM.attributes
                0x000000000000064d       0x32 ./app/hw.o
 .ARM.attributes
                0x000000000000067f       0x32 ./app/odesolver.o
 .ARM.attributes
                0x00000000000006b1       0x32 c:/st/stm32cubeide_1.5.0/stm32cubeide/plugins/com.st.stm32cube.ide.mcu.externaltools.gnu-tools-for-stm32.9-2020-q2-update.win32_2.0.0.202105311346/tools/bin/../lib/gcc/arm-none-eabi/9.3.1/../../../../arm-none-eabi/lib/thumb/v7e-m+dp/hard\libc_nano.a(lib_a-errno.o)
 .ARM.attributes
                0x00000000000006e3       0x30 c:/st/stm32cubeide_1.5.0/stm32cubeide/plugins/com.st.stm32cube.ide.mcu.externaltools.gnu-tools-for-stm32.9-2020-q2-update.win32_2.0.0.202105311346/tools/bin/../lib/gcc/arm-none-eabi/9.3.1/../../../../arm-none-eabi/lib/thumb/v7e-m+dp/hard\libc_nano.a(lib_a-impure.o)
 .ARM.attributes
                0x0000000000000713       0x32 c:/st/stm32cubeide_1.5.0/stm32cubeide/plugins/com.st.stm32cube.ide.mcu.externaltools.gnu-tools-for-stm32.9-2020-q2-update.win32_2.0.0.202105311346/tools/bin/../lib/gcc/arm-none-eabi/9.3.1/../../../../arm-none-eabi/lib/thumb/v7e-m+dp/hard\libc_nano.a(lib_a-init.o)
 .ARM.attributes
                0x0000000000000745       0x32 c:/st/stm32cubeide_1.5.0/stm32cubeide/plugins/com.st.stm32cube.ide.mcu.externaltools.gnu-tools-for-stm32.9-2020-q2-update.win32_2.0.0.202105311346/tools/bin/../lib/gcc/arm-none-eabi/9.3.1/../../../../arm-none-eabi/lib/thumb/v7e-m+dp/hard\libc_nano.a(lib_a-malloc.o)
 .ARM.attributes
                0x0000000000000777       0x32 c:/st/stm32cubeide_1.5.0/stm32cubeide/plugins/com.st.stm32cube.ide.mcu.externaltools.gnu-tools-for-stm32.9-2020-q2-update.win32_2.0.0.202105311346/tools/bin/../lib/gcc/arm-none-eabi/9.3.1/../../../../arm-none-eabi/lib/thumb/v7e-m+dp/hard\libc_nano.a(lib_a-memset.o)
 .ARM.attributes
                0x00000000000007a9       0x32 c:/st/stm32cubeide_1.5.0/stm32cubeide/plugins/com.st.stm32cube.ide.mcu.externaltools.gnu-tools-for-stm32.9-2020-q2-update.win32_2.0.0.202105311346/tools/bin/../lib/gcc/arm-none-eabi/9.3.1/../../../../arm-none-eabi/lib/thumb/v7e-m+dp/hard\libc_nano.a(lib_a-nano-freer.o)
 .ARM.attributes
                0x00000000000007db       0x32 c:/st/stm32cubeide_1.5.0/stm32cubeide/plugins/com.st.stm32cube.ide.mcu.externaltools.gnu-tools-for-stm32.9-2020-q2-update.win32_2.0.0.202105311346/tools/bin/../lib/gcc/arm-none-eabi/9.3.1/../../../../arm-none-eabi/lib/thumb/v7e-m+dp/hard\libc_nano.a(lib_a-nano-mallocr.o)
 .ARM.attributes
                0x000000000000080d       0x32 c:/st/stm32cubeide_1.5.0/stm32cubeide/plugins/com.st.stm32cube.ide.mcu.externaltools.gnu-tools-for-stm32.9-2020-q2-update.win32_2.0.0.202105311346/tools/bin/../lib/gcc/arm-none-eabi/9.3.1/../../../../arm-none-eabi/lib/thumb/v7e-m+dp/hard\libc_nano.a(lib_a-sbrkr.o)
 .ARM.attributes
                0x000000000000083f       0x32 c:/st/stm32cubeide_1.5.0/stm32cubeide/plugins/com.st.stm32cube.ide.mcu.externaltools.gnu-tools-for-stm32.9-2020-q2-update.win32_2.0.0.202105311346/tools/bin/../lib/gcc/arm-none-eabi/9.3.1/../../../../arm-none-eabi/lib/thumb/v7e-m+dp/hard\libc_nano.a(lib_a-mlock.o)
 .ARM.attributes
                0x0000000000000871       0x32 c:/st/stm32cubeide_1.5.0/stm32cubeide/plugins/com.st.stm32cube.ide.mcu.externaltools.gnu-tools-for-stm32.9-2020-q2-update.win32_2.0.0.202105311346/tools/bin/../lib/gcc/arm-none-eabi/9.3.1/../../../../arm-none-eabi/lib/thumb/v7e-m+dp/hard\libc_nano.a(lib_a-reent.o)
 .ARM.attributes
                0x00000000000008a3       0x32 c:/st/stm32cubeide_1.5.0/stm32cubeide/plugins/com.st.stm32cube.ide.mcu.externaltools.gnu-tools-for-stm32.9-2020-q2-update.win32_2.0.0.202105311346/tools/bin/../lib/gcc/arm-none-eabi/9.3.1/../../../../arm-none-eabi/lib/thumb/v7e-m+dp/hard\libc_nano.a(lib_a-lock.o)
 .ARM.attributes
                0x00000000000008d5       0x1e c:/st/stm32cubeide_1.5.0/stm32cubeide/plugins/com.st.stm32cube.ide.mcu.externaltools.gnu-tools-for-stm32.9-2020-q2-update.win32_2.0.0.202105311346/tools/bin/../lib/gcc/arm-none-eabi/9.3.1/thumb/v7e-m+dp/hard\libgcc.a(_aeabi_uldivmod.o)
 .ARM.attributes
                0x00000000000008f3       0x32 c:/st/stm32cubeide_1.5.0/stm32cubeide/plugins/com.st.stm32cube.ide.mcu.externaltools.gnu-tools-for-stm32.9-2020-q2-update.win32_2.0.0.202105311346/tools/bin/../lib/gcc/arm-none-eabi/9.3.1/thumb/v7e-m+dp/hard\libgcc.a(_udivmoddi4.o)
 .ARM.attributes
                0x0000000000000925       0x1e c:/st/stm32cubeide_1.5.0/stm32cubeide/plugins/com.st.stm32cube.ide.mcu.externaltools.gnu-tools-for-stm32.9-2020-q2-update.win32_2.0.0.202105311346/tools/bin/../lib/gcc/arm-none-eabi/9.3.1/thumb/v7e-m+dp/hard\libgcc.a(_dvmd_tls.o)
 .ARM.attributes
                0x0000000000000943       0x1e c:/st/stm32cubeide_1.5.0/stm32cubeide/plugins/com.st.stm32cube.ide.mcu.externaltools.gnu-tools-for-stm32.9-2020-q2-update.win32_2.0.0.202105311346/tools/bin/../lib/gcc/arm-none-eabi/9.3.1/thumb/v7e-m+dp/hard/crtn.o
OUTPUT(F767ZI_test.elf elf32-littlearm)
LOAD linker stubs
LOAD c:/st/stm32cubeide_1.5.0/stm32cubeide/plugins/com.st.stm32cube.ide.mcu.externaltools.gnu-tools-for-stm32.9-2020-q2-update.win32_2.0.0.202105311346/tools/bin/../lib/gcc/arm-none-eabi/9.3.1/../../../../arm-none-eabi/lib/thumb/v7e-m+dp/hard\libc.a
LOAD c:/st/stm32cubeide_1.5.0/stm32cubeide/plugins/com.st.stm32cube.ide.mcu.externaltools.gnu-tools-for-stm32.9-2020-q2-update.win32_2.0.0.202105311346/tools/bin/../lib/gcc/arm-none-eabi/9.3.1/../../../../arm-none-eabi/lib/thumb/v7e-m+dp/hard\libm.a
LOAD c:/st/stm32cubeide_1.5.0/stm32cubeide/plugins/com.st.stm32cube.ide.mcu.externaltools.gnu-tools-for-stm32.9-2020-q2-update.win32_2.0.0.202105311346/tools/bin/../lib/gcc/arm-none-eabi/9.3.1/thumb/v7e-m+dp/hard\libgcc.a

.debug_info     0x0000000000000000    0x23ff2
 .debug_info    0x0000000000000000     0x23f5 ./Core/Src/main.o
 .debug_info    0x00000000000023f5     0x15a1 ./Core/Src/stm32f7xx_hal_msp.o
 .debug_info    0x0000000000003996     0x109c ./Core/Src/stm32f7xx_it.o
 .debug_info    0x0000000000004a32      0xa25 ./Core/Src/sysmem.o
 .debug_info    0x0000000000005457      0x7ad ./Core/Src/system_stm32f7xx.o
 .debug_info    0x0000000000005c04       0x22 ./Core/Startup/startup_stm32f767zitx.o
 .debug_info    0x0000000000005c26      0xab8 ./Drivers/STM32F7xx_HAL_Driver/Src/stm32f7xx_hal.o
 .debug_info    0x00000000000066de      0xd66 ./Drivers/STM32F7xx_HAL_Driver/Src/stm32f7xx_hal_adc.o
 .debug_info    0x0000000000007444     0x1158 ./Drivers/STM32F7xx_HAL_Driver/Src/stm32f7xx_hal_cortex.o
 .debug_info    0x000000000000859c      0x9f1 ./Drivers/STM32F7xx_HAL_Driver/Src/stm32f7xx_hal_dma.o
 .debug_info    0x0000000000008f8d      0x876 ./Drivers/STM32F7xx_HAL_Driver/Src/stm32f7xx_hal_gpio.o
 .debug_info    0x0000000000009803     0x12f3 ./Drivers/STM32F7xx_HAL_Driver/Src/stm32f7xx_hal_pcd.o