app.c:78:6:app_init	8	static
app.c:99:6:app_loop	8	static
app.c:103:6:app_average_adc_value	96	static
app.c:120:6:app_tick_1ms	4	static
app.c:138:6:app_switch_interrupt	8	static
app.c:160:6:app_leitura_matriz_FFC5	56	static
app.c:180:10:app_average_matriz	24	static
app.c:190:6:app_init_ode_solver	16	static
app.c:233:6:app_output_ode_data	16	static
app.c:244:6:app_example_read_adc_samples	24	static
app.c:254:6:app_controle_bebionic	8	static
app.c:264:6:app_timer_tick	8	static
app.c:269:6:app_get_neurons	32	static
app.c:311:6:timerADC_old	4	static
