hw.c:70:6:hw_adc_start	8	static
hw.c:75:6:hw_Select_ch1	8	static
hw.c:84:6:hw_Select_ch2	8	static
hw.c:93:6:hw_Select_ch3	8	static
hw.c:102:6:hw_Select_ch4	8	static
hw.c:111:6:hw_adc_calibration	4	static
hw.c:116:6:hw_adc_read_single	16	static
hw.c:164:10:hw_tick_ms_get	8	static
hw.c:168:6:hw_cpu_sleep	4	static,ignoring_inline_asm
hw.c:177:6:HAL_GPIO_EXTI_Callback	16	static
hw.c:183:6:hw_led_toggle	8	static
hw.c:187:6:hw_switch_state_get	16	static
hw.c:197:6:hw_led_state_set	24	static
hw.c:203:6:hw_delay_ms	16	static
hw.c:207:6:hw_timer_start	8	static
hw.c:213:6:hw_timer_stop	8	static
hw.c:217:6:hw_timer2_stop	8	static
hw.c:222:6:hw_timer2_start	8	static
hw.c:228:6:HAL_TIM_PeriodElapsedCallback	16	static
hw.c:251:10:hw_set_pins_row_FFC5	24	static
hw.c:263:6:hw_get_pins_col_FFC5	16	static
hw.c:286:9:hw_usb_rx	16	static
hw.c:291:9:hw_usb_tx	16	static
