hw.c:69:6:hw_adc_start	8	static
hw.c:74:6:hw_Select_ch1	8	static
hw.c:83:6:hw_Select_ch2	8	static
hw.c:92:6:hw_Select_ch3	8	static
hw.c:101:6:hw_Select_ch4	8	static
hw.c:110:6:hw_adc_calibration	4	static
hw.c:115:6:hw_adc_read_single	16	static
hw.c:163:10:hw_tick_ms_get	8	static
hw.c:167:6:hw_cpu_sleep	4	static,ignoring_inline_asm
hw.c:176:6:HAL_GPIO_EXTI_Callback	16	static
hw.c:182:6:hw_led_toggle	8	static
hw.c:186:6:hw_switch_state_get	16	static
hw.c:196:6:hw_led_state_set	24	static
hw.c:202:6:hw_delay_ms	16	static
hw.c:206:6:hw_timer_start	8	static
hw.c:212:6:hw_timer_stop	8	static
hw.c:216:6:HAL_TIM_PeriodElapsedCallback	16	static
hw.c:235:10:hw_set_pins_row_FFC5	24	static
hw.c:247:6:hw_get_pins_col_FFC5	16	static
hw.c:270:9:hw_usb_rx	16	static
hw.c:275:9:hw_usb_tx	16	static
